Device: cuda
Model parameters: 764,872
Time budget: 300s
Self-play ratio: 0.7
Exploration rate: 0.15
Entropy coef: 0.03
Games per batch: 64

step   10 | loss 0.3576 | games   640 | time 2s/300s
step   20 | loss 0.3168 | games  1280 | time 3s/300s
step   30 | loss 0.3158 | games  1920 | time 4s/300s
step   40 | loss 0.2540 | games  2560 | time 5s/300s
step   50 | loss 0.2835 | games  3200 | time 6s/300s
step   60 | loss 0.3619 | games  3840 | time 7s/300s
step   70 | loss 0.3076 | games  4480 | time 8s/300s
step   80 | loss 0.3363 | games  5120 | time 9s/300s
step   90 | loss 0.3067 | games  5760 | time 10s/300s
step  100 | loss 0.2925 | games  6400 | time 11s/300s
step  110 | loss 0.2806 | games  7040 | time 12s/300s
step  120 | loss 0.3083 | games  7680 | time 13s/300s
step  130 | loss 0.3223 | games  8320 | time 14s/300s
step  140 | loss 0.2796 | games  8960 | time 15s/300s
step  150 | loss 0.2552 | games  9600 | time 16s/300s
step  160 | loss 0.2820 | games 10240 | time 17s/300s
step  170 | loss 0.2696 | games 10880 | time 18s/300s
step  180 | loss 0.2722 | games 11520 | time 19s/300s
step  190 | loss 0.2759 | games 12160 | time 20s/300s
step  200 | loss 0.2684 | games 12800 | time 21s/300s
step  210 | loss 0.2926 | games 13440 | time 22s/300s
step  220 | loss 0.2749 | games 14080 | time 23s/300s
step  230 | loss 0.2561 | games 14720 | time 24s/300s
step  240 | loss 0.2736 | games 15360 | time 25s/300s
step  250 | loss 0.3064 | games 16000 | time 26s/300s
step  260 | loss 0.2920 | games 16640 | time 26s/300s
step  270 | loss 0.3013 | games 17280 | time 27s/300s
step  280 | loss 0.2676 | games 17920 | time 28s/300s
step  290 | loss 0.2885 | games 18560 | time 29s/300s
step  300 | loss 0.3143 | games 19200 | time 30s/300s
step  310 | loss 0.2918 | games 19840 | time 31s/300s
step  320 | loss 0.2696 | games 20480 | time 32s/300s
step  330 | loss 0.2397 | games 21120 | time 33s/300s
step  340 | loss 0.2294 | games 21760 | time 34s/300s
step  350 | loss 0.2508 | games 22400 | time 35s/300s
step  360 | loss 0.2593 | games 23040 | time 36s/300s
step  370 | loss 0.2925 | games 23680 | time 37s/300s
step  380 | loss 0.3065 | games 24320 | time 38s/300s
step  390 | loss 0.2689 | games 24960 | time 39s/300s
step  400 | loss 0.2536 | games 25600 | time 39s/300s
step  410 | loss 0.2302 | games 26240 | time 40s/300s
step  420 | loss 0.2377 | games 26880 | time 41s/300s
step  430 | loss 0.2527 | games 27520 | time 42s/300s
step  440 | loss 0.2618 | games 28160 | time 43s/300s
step  450 | loss 0.2562 | games 28800 | time 44s/300s
step  460 | loss 0.2456 | games 29440 | time 45s/300s
step  470 | loss 0.2230 | games 30080 | time 46s/300s
step  480 | loss 0.2312 | games 30720 | time 47s/300s
step  490 | loss 0.1848 | games 31360 | time 48s/300s
step  500 | loss 0.1636 | games 32000 | time 48s/300s
step  510 | loss 0.1621 | games 32640 | time 49s/300s
step  520 | loss 0.1813 | games 33280 | time 50s/300s
step  530 | loss 0.2035 | games 33920 | time 51s/300s
step  540 | loss 0.1777 | games 34560 | time 52s/300s
step  550 | loss 0.1952 | games 35200 | time 53s/300s
step  560 | loss 0.2162 | games 35840 | time 53s/300s
step  570 | loss 0.1566 | games 36480 | time 54s/300s
step  580 | loss 0.1708 | games 37120 | time 55s/300s
step  590 | loss 0.2031 | games 37760 | time 56s/300s
step  600 | loss 0.1923 | games 38400 | time 57s/300s
step  610 | loss 0.1744 | games 39040 | time 58s/300s
step  620 | loss 0.1771 | games 39680 | time 58s/300s
step  630 | loss 0.1873 | games 40320 | time 59s/300s
step  640 | loss 0.2249 | games 40960 | time 60s/300s
step  650 | loss 0.2317 | games 41600 | time 61s/300s
step  660 | loss 0.2270 | games 42240 | time 62s/300s
step  670 | loss 0.2140 | games 42880 | time 63s/300s
step  680 | loss 0.2256 | games 43520 | time 64s/300s
step  690 | loss 0.2079 | games 44160 | time 65s/300s
step  700 | loss 0.1891 | games 44800 | time 65s/300s
step  710 | loss 0.2372 | games 45440 | time 66s/300s
step  720 | loss 0.1669 | games 46080 | time 67s/300s
step  730 | loss 0.2104 | games 46720 | time 68s/300s
step  740 | loss 0.2154 | games 47360 | time 69s/300s
step  750 | loss 0.1982 | games 48000 | time 70s/300s
step  760 | loss 0.2385 | games 48640 | time 71s/300s
step  770 | loss 0.2017 | games 49280 | time 72s/300s
step  780 | loss 0.2211 | games 49920 | time 72s/300s
step  790 | loss 0.2466 | games 50560 | time 73s/300s
step  800 | loss 0.2196 | games 51200 | time 74s/300s
step  810 | loss 0.2151 | games 51840 | time 75s/300s
step  820 | loss 0.2379 | games 52480 | time 76s/300s
step  830 | loss 0.2022 | games 53120 | time 77s/300s
step  840 | loss 0.2495 | games 53760 | time 78s/300s
step  850 | loss 0.2045 | games 54400 | time 79s/300s
step  860 | loss 0.2308 | games 55040 | time 80s/300s
step  870 | loss 0.2559 | games 55680 | time 81s/300s
step  880 | loss 0.2545 | games 56320 | time 81s/300s
step  890 | loss 0.2438 | games 56960 | time 82s/300s
step  900 | loss 0.2324 | games 57600 | time 83s/300s
step  910 | loss 0.2142 | games 58240 | time 84s/300s
step  920 | loss 0.2289 | games 58880 | time 85s/300s
step  930 | loss 0.2189 | games 59520 | time 86s/300s
step  940 | loss 0.2092 | games 60160 | time 87s/300s
step  950 | loss 0.2060 | games 60800 | time 88s/300s
step  960 | loss 0.2113 | games 61440 | time 89s/300s
step  970 | loss 0.2233 | games 62080 | time 90s/300s
step  980 | loss 0.2219 | games 62720 | time 91s/300s
step  990 | loss 0.2012 | games 63360 | time 91s/300s
step 1000 | loss 0.2518 | games 64000 | time 92s/300s
step 1010 | loss 0.2344 | games 64640 | time 93s/300s
step 1020 | loss 0.2345 | games 65280 | time 94s/300s
step 1030 | loss 0.2237 | games 65920 | time 95s/300s
step 1040 | loss 0.2317 | games 66560 | time 96s/300s
step 1050 | loss 0.2199 | games 67200 | time 97s/300s
step 1060 | loss 0.2233 | games 67840 | time 98s/300s
step 1070 | loss 0.2302 | games 68480 | time 99s/300s
step 1080 | loss 0.2035 | games 69120 | time 100s/300s
step 1090 | loss 0.1991 | games 69760 | time 101s/300s
step 1100 | loss 0.2582 | games 70400 | time 102s/300s
step 1110 | loss 0.2511 | games 71040 | time 102s/300s
step 1120 | loss 0.2340 | games 71680 | time 103s/300s
step 1130 | loss 0.2281 | games 72320 | time 104s/300s
step 1140 | loss 0.1965 | games 72960 | time 105s/300s
step 1150 | loss 0.2171 | games 73600 | time 106s/300s
step 1160 | loss 0.1655 | games 74240 | time 107s/300s
step 1170 | loss 0.2324 | games 74880 | time 108s/300s
step 1180 | loss 0.2572 | games 75520 | time 109s/300s
step 1190 | loss 0.2461 | games 76160 | time 110s/300s
step 1200 | loss 0.2348 | games 76800 | time 111s/300s
step 1210 | loss 0.2656 | games 77440 | time 112s/300s
step 1220 | loss 0.2056 | games 78080 | time 112s/300s
step 1230 | loss 0.2319 | games 78720 | time 113s/300s
step 1240 | loss 0.2264 | games 79360 | time 114s/300s
step 1250 | loss 0.2174 | games 80000 | time 115s/300s
step 1260 | loss 0.2172 | games 80640 | time 116s/300s
step 1270 | loss 0.2262 | games 81280 | time 117s/300s
step 1280 | loss 0.2297 | games 81920 | time 118s/300s
step 1290 | loss 0.2249 | games 82560 | time 119s/300s
step 1300 | loss 0.2095 | games 83200 | time 120s/300s
step 1310 | loss 0.2021 | games 83840 | time 121s/300s
step 1320 | loss 0.2301 | games 84480 | time 122s/300s
step 1330 | loss 0.2216 | games 85120 | time 123s/300s
step 1340 | loss 0.2367 | games 85760 | time 124s/300s
step 1350 | loss 0.2264 | games 86400 | time 125s/300s
step 1360 | loss 0.2381 | games 87040 | time 126s/300s
step 1370 | loss 0.2490 | games 87680 | time 127s/300s
step 1380 | loss 0.2391 | games 88320 | time 128s/300s
step 1390 | loss 0.2120 | games 88960 | time 128s/300s
step 1400 | loss 0.2176 | games 89600 | time 129s/300s
step 1410 | loss 0.2113 | games 90240 | time 130s/300s
step 1420 | loss 0.2375 | games 90880 | time 131s/300s
step 1430 | loss 0.2503 | games 91520 | time 132s/300s
step 1440 | loss 0.2192 | games 92160 | time 133s/300s
step 1450 | loss 0.2328 | games 92800 | time 134s/300s
step 1460 | loss 0.2100 | games 93440 | time 135s/300s
step 1470 | loss 0.2165 | games 94080 | time 136s/300s
step 1480 | loss 0.2147 | games 94720 | time 137s/300s
step 1490 | loss 0.1827 | games 95360 | time 138s/300s
step 1500 | loss 0.2161 | games 96000 | time 139s/300s
step 1510 | loss 0.2119 | games 96640 | time 140s/300s
step 1520 | loss 0.2069 | games 97280 | time 141s/300s
step 1530 | loss 0.2067 | games 97920 | time 142s/300s
step 1540 | loss 0.2115 | games 98560 | time 143s/300s
step 1550 | loss 0.1969 | games 99200 | time 144s/300s
step 1560 | loss 0.2134 | games 99840 | time 145s/300s
step 1570 | loss 0.1812 | games 100480 | time 146s/300s
step 1580 | loss 0.1923 | games 101120 | time 147s/300s
step 1590 | loss 0.2130 | games 101760 | time 147s/300s
step 1600 | loss 0.2044 | games 102400 | time 148s/300s
step 1610 | loss 0.2411 | games 103040 | time 149s/300s
step 1620 | loss 0.2398 | games 103680 | time 150s/300s
step 1630 | loss 0.2416 | games 104320 | time 151s/300s
step 1640 | loss 0.2190 | games 104960 | time 152s/300s
step 1650 | loss 0.2138 | games 105600 | time 153s/300s
step 1660 | loss 0.2060 | games 106240 | time 154s/300s
step 1670 | loss 0.2331 | games 106880 | time 155s/300s
step 1680 | loss 0.2292 | games 107520 | time 156s/300s
step 1690 | loss 0.2182 | games 108160 | time 157s/300s
step 1700 | loss 0.2390 | games 108800 | time 158s/300s
step 1710 | loss 0.2669 | games 109440 | time 159s/300s
step 1720 | loss 0.2481 | games 110080 | time 160s/300s
step 1730 | loss 0.2594 | games 110720 | time 161s/300s
step 1740 | loss 0.2332 | games 111360 | time 162s/300s
step 1750 | loss 0.2523 | games 112000 | time 163s/300s
step 1760 | loss 0.2128 | games 112640 | time 164s/300s
step 1770 | loss 0.2295 | games 113280 | time 165s/300s
step 1780 | loss 0.2291 | games 113920 | time 166s/300s
step 1790 | loss 0.2480 | games 114560 | time 167s/300s
step 1800 | loss 0.2510 | games 115200 | time 168s/300s
step 1810 | loss 0.2155 | games 115840 | time 169s/300s
step 1820 | loss 0.2247 | games 116480 | time 170s/300s
step 1830 | loss 0.2399 | games 117120 | time 170s/300s
step 1840 | loss 0.2448 | games 117760 | time 171s/300s
step 1850 | loss 0.2377 | games 118400 | time 172s/300s
step 1860 | loss 0.2076 | games 119040 | time 173s/300s
step 1870 | loss 0.2196 | games 119680 | time 174s/300s
step 1880 | loss 0.2005 | games 120320 | time 175s/300s
step 1890 | loss 0.2351 | games 120960 | time 176s/300s
step 1900 | loss 0.2169 | games 121600 | time 177s/300s
step 1910 | loss 0.2217 | games 122240 | time 178s/300s
step 1920 | loss 0.2246 | games 122880 | time 179s/300s
step 1930 | loss 0.2088 | games 123520 | time 180s/300s
step 1940 | loss 0.2092 | games 124160 | time 181s/300s
step 1950 | loss 0.2081 | games 124800 | time 182s/300s
step 1960 | loss 0.1985 | games 125440 | time 183s/300s
step 1970 | loss 0.2446 | games 126080 | time 184s/300s
step 1980 | loss 0.2453 | games 126720 | time 185s/300s
step 1990 | loss 0.2230 | games 127360 | time 186s/300s
step 2000 | loss 0.1958 | games 128000 | time 187s/300s
step 2010 | loss 0.2092 | games 128640 | time 188s/300s
step 2020 | loss 0.2042 | games 129280 | time 189s/300s
step 2030 | loss 0.2161 | games 129920 | time 190s/300s
step 2040 | loss 0.2055 | games 130560 | time 191s/300s
step 2050 | loss 0.2082 | games 131200 | time 192s/300s
step 2060 | loss 0.2304 | games 131840 | time 193s/300s
step 2070 | loss 0.2036 | games 132480 | time 194s/300s
step 2080 | loss 0.2048 | games 133120 | time 195s/300s
step 2090 | loss 0.2126 | games 133760 | time 196s/300s
step 2100 | loss 0.2367 | games 134400 | time 197s/300s
step 2110 | loss 0.2293 | games 135040 | time 198s/300s
step 2120 | loss 0.2134 | games 135680 | time 199s/300s
step 2130 | loss 0.2190 | games 136320 | time 200s/300s
step 2140 | loss 0.2237 | games 136960 | time 201s/300s
step 2150 | loss 0.2383 | games 137600 | time 202s/300s
step 2160 | loss 0.2260 | games 138240 | time 203s/300s
step 2170 | loss 0.2181 | games 138880 | time 204s/300s
step 2180 | loss 0.1974 | games 139520 | time 205s/300s
step 2190 | loss 0.1935 | games 140160 | time 206s/300s
step 2200 | loss 0.2079 | games 140800 | time 207s/300s
step 2210 | loss 0.2455 | games 141440 | time 208s/300s
step 2220 | loss 0.2227 | games 142080 | time 209s/300s
step 2230 | loss 0.2208 | games 142720 | time 210s/300s
step 2240 | loss 0.2106 | games 143360 | time 211s/300s
step 2250 | loss 0.2020 | games 144000 | time 212s/300s
step 2260 | loss 0.1886 | games 144640 | time 213s/300s
step 2270 | loss 0.2189 | games 145280 | time 214s/300s
step 2280 | loss 0.1948 | games 145920 | time 215s/300s
step 2290 | loss 0.2292 | games 146560 | time 216s/300s
step 2300 | loss 0.2165 | games 147200 | time 216s/300s
step 2310 | loss 0.2364 | games 147840 | time 217s/300s
step 2320 | loss 0.2210 | games 148480 | time 218s/300s
step 2330 | loss 0.2258 | games 149120 | time 219s/300s
step 2340 | loss 0.2344 | games 149760 | time 220s/300s
step 2350 | loss 0.2417 | games 150400 | time 221s/300s
step 2360 | loss 0.2275 | games 151040 | time 222s/300s
step 2370 | loss 0.2409 | games 151680 | time 223s/300s
step 2380 | loss 0.2595 | games 152320 | time 224s/300s
step 2390 | loss 0.2255 | games 152960 | time 225s/300s
step 2400 | loss 0.2251 | games 153600 | time 226s/300s
step 2410 | loss 0.2259 | games 154240 | time 227s/300s
step 2420 | loss 0.2279 | games 154880 | time 228s/300s
step 2430 | loss 0.2275 | games 155520 | time 229s/300s
step 2440 | loss 0.1842 | games 156160 | time 230s/300s
step 2450 | loss 0.2198 | games 156800 | time 231s/300s
step 2460 | loss 0.2162 | games 157440 | time 232s/300s
step 2470 | loss 0.2419 | games 158080 | time 233s/300s
step 2480 | loss 0.2183 | games 158720 | time 234s/300s
step 2490 | loss 0.2115 | games 159360 | time 235s/300s
step 2500 | loss 0.2302 | games 160000 | time 236s/300s
step 2510 | loss 0.2085 | games 160640 | time 237s/300s
step 2520 | loss 0.2120 | games 161280 | time 238s/300s
step 2530 | loss 0.1903 | games 161920 | time 239s/300s
step 2540 | loss 0.2113 | games 162560 | time 240s/300s
step 2550 | loss 0.1790 | games 163200 | time 241s/300s
step 2560 | loss 0.2053 | games 163840 | time 242s/300s
step 2570 | loss 0.1956 | games 164480 | time 242s/300s
step 2580 | loss 0.1950 | games 165120 | time 243s/300s
step 2590 | loss 0.1924 | games 165760 | time 244s/300s
step 2600 | loss 0.1952 | games 166400 | time 245s/300s
step 2610 | loss 0.2151 | games 167040 | time 246s/300s
step 2620 | loss 0.2156 | games 167680 | time 247s/300s
step 2630 | loss 0.2499 | games 168320 | time 248s/300s
step 2640 | loss 0.2530 | games 168960 | time 249s/300s
step 2650 | loss 0.2151 | games 169600 | time 250s/300s
step 2660 | loss 0.2120 | games 170240 | time 251s/300s
step 2670 | loss 0.2071 | games 170880 | time 252s/300s
step 2680 | loss 0.2186 | games 171520 | time 253s/300s
step 2690 | loss 0.2188 | games 172160 | time 254s/300s
step 2700 | loss 0.2264 | games 172800 | time 255s/300s
step 2710 | loss 0.2216 | games 173440 | time 256s/300s
step 2720 | loss 0.2234 | games 174080 | time 257s/300s
step 2730 | loss 0.2238 | games 174720 | time 258s/300s
step 2740 | loss 0.2265 | games 175360 | time 259s/300s
step 2750 | loss 0.2445 | games 176000 | time 260s/300s
step 2760 | loss 0.2285 | games 176640 | time 261s/300s
step 2770 | loss 0.2000 | games 177280 | time 262s/300s
step 2780 | loss 0.2280 | games 177920 | time 263s/300s
step 2790 | loss 0.2507 | games 178560 | time 264s/300s
step 2800 | loss 0.2310 | games 179200 | time 265s/300s
step 2810 | loss 0.2431 | games 179840 | time 266s/300s
step 2820 | loss 0.2077 | games 180480 | time 267s/300s
step 2830 | loss 0.1903 | games 181120 | time 268s/300s
step 2840 | loss 0.2045 | games 181760 | time 269s/300s
step 2850 | loss 0.2025 | games 182400 | time 270s/300s
step 2860 | loss 0.2106 | games 183040 | time 271s/300s
step 2870 | loss 0.2386 | games 183680 | time 272s/300s
step 2880 | loss 0.1959 | games 184320 | time 273s/300s
step 2890 | loss 0.2331 | games 184960 | time 274s/300s
step 2900 | loss 0.2318 | games 185600 | time 275s/300s
step 2910 | loss 0.2234 | games 186240 | time 276s/300s
step 2920 | loss 0.2424 | games 186880 | time 277s/300s
step 2930 | loss 0.2406 | games 187520 | time 278s/300s
step 2940 | loss 0.2209 | games 188160 | time 279s/300s
step 2950 | loss 0.2328 | games 188800 | time 280s/300s
step 2960 | loss 0.2110 | games 189440 | time 281s/300s
step 2970 | loss 0.2367 | games 190080 | time 282s/300s
step 2980 | loss 0.2169 | games 190720 | time 283s/300s
step 2990 | loss 0.2151 | games 191360 | time 284s/300s
step 3000 | loss 0.1899 | games 192000 | time 285s/300s
step 3010 | loss 0.2141 | games 192640 | time 286s/300s
step 3020 | loss 0.2358 | games 193280 | time 287s/300s
step 3030 | loss 0.2327 | games 193920 | time 288s/300s
step 3040 | loss 0.2250 | games 194560 | time 289s/300s
step 3050 | loss 0.2314 | games 195200 | time 290s/300s
step 3060 | loss 0.2253 | games 195840 | time 290s/300s
step 3070 | loss 0.2299 | games 196480 | time 291s/300s
step 3080 | loss 0.2197 | games 197120 | time 292s/300s
step 3090 | loss 0.2074 | games 197760 | time 293s/300s
step 3100 | loss 0.2125 | games 198400 | time 294s/300s
step 3110 | loss 0.2113 | games 199040 | time 295s/300s
step 3120 | loss 0.2044 | games 199680 | time 296s/300s
step 3130 | loss 0.1909 | games 200320 | time 297s/300s
step 3140 | loss 0.1906 | games 200960 | time 298s/300s
step 3150 | loss 0.2220 | games 201600 | time 299s/300s

Training complete: 3158 steps, 202112 games, 300.1s

Evaluating against opponent suite...

Per-opponent results:
  random         : 1.000 win_rate (100W 0L 0D / 100)
  one_step       : 1.000 win_rate (100W 0L 0D / 100)
  minimax_d3     : 1.000 win_rate (100W 0L 0D / 100)
  minimax_d5     : 1.000 win_rate (100W 0L 0D / 100)

---
win_rate:          1.000000
training_seconds:  300.1
total_seconds:     418.6
eval_seconds:      117.6
peak_vram_mb:      2800.8
total_games:       202112
num_steps:         3158
num_params:        764872
conv_layers:       3
conv_channels:     64
fc_hidden:         128
entropy_coef:      0.03
