Device: cuda
Model parameters: 764,872
Time budget: 300s
Self-play ratio: 0.7
Exploration rate: 0.15
Entropy coef: 0.03
Games per batch: 64

step   10 | loss 0.4722 | games   640 | time 1s/300s
step   20 | loss 0.4535 | games  1280 | time 2s/300s
step   30 | loss 0.3643 | games  1920 | time 2s/300s
step   40 | loss 0.3369 | games  2560 | time 3s/300s
step   50 | loss 0.3181 | games  3200 | time 3s/300s
step   60 | loss 0.3232 | games  3840 | time 4s/300s
step   70 | loss 0.3486 | games  4480 | time 5s/300s
step   80 | loss 0.3407 | games  5120 | time 5s/300s
step   90 | loss 0.3340 | games  5760 | time 6s/300s
step  100 | loss 0.3164 | games  6400 | time 6s/300s
step  110 | loss 0.3182 | games  7040 | time 7s/300s
step  120 | loss 0.3363 | games  7680 | time 7s/300s
step  130 | loss 0.3175 | games  8320 | time 8s/300s
step  140 | loss 0.3037 | games  8960 | time 9s/300s
step  150 | loss 0.2971 | games  9600 | time 9s/300s
step  160 | loss 0.2983 | games 10240 | time 10s/300s
step  170 | loss 0.3408 | games 10880 | time 10s/300s
step  180 | loss 0.3238 | games 11520 | time 11s/300s
step  190 | loss 0.3420 | games 12160 | time 11s/300s
step  200 | loss 0.3154 | games 12800 | time 12s/300s
step  210 | loss 0.2967 | games 13440 | time 13s/300s
step  220 | loss 0.2944 | games 14080 | time 13s/300s
step  230 | loss 0.3093 | games 14720 | time 14s/300s
step  240 | loss 0.2949 | games 15360 | time 14s/300s
step  250 | loss 0.3042 | games 16000 | time 15s/300s
step  260 | loss 0.3458 | games 16640 | time 15s/300s
step  270 | loss 0.3241 | games 17280 | time 16s/300s
step  280 | loss 0.3219 | games 17920 | time 16s/300s
step  290 | loss 0.3319 | games 18560 | time 17s/300s
step  300 | loss 0.3068 | games 19200 | time 17s/300s
step  310 | loss 0.3458 | games 19840 | time 18s/300s
step  320 | loss 0.3397 | games 20480 | time 19s/300s
step  330 | loss 0.3047 | games 21120 | time 19s/300s
step  340 | loss 0.3228 | games 21760 | time 20s/300s
step  350 | loss 0.3216 | games 22400 | time 20s/300s
step  360 | loss 0.3388 | games 23040 | time 21s/300s
step  370 | loss 0.3491 | games 23680 | time 21s/300s
step  380 | loss 0.3067 | games 24320 | time 22s/300s
step  390 | loss 0.2799 | games 24960 | time 23s/300s
step  400 | loss 0.2995 | games 25600 | time 23s/300s
step  410 | loss 0.2831 | games 26240 | time 24s/300s
step  420 | loss 0.3263 | games 26880 | time 24s/300s
step  430 | loss 0.3087 | games 27520 | time 25s/300s
step  440 | loss 0.3653 | games 28160 | time 25s/300s
step  450 | loss 0.3029 | games 28800 | time 26s/300s
step  460 | loss 0.2808 | games 29440 | time 27s/300s
step  470 | loss 0.2849 | games 30080 | time 27s/300s
step  480 | loss 0.3120 | games 30720 | time 28s/300s
step  490 | loss 0.3477 | games 31360 | time 28s/300s
step  500 | loss 0.3246 | games 32000 | time 29s/300s
step  510 | loss 0.3235 | games 32640 | time 30s/300s
step  520 | loss 0.2921 | games 33280 | time 30s/300s
step  530 | loss 0.3099 | games 33920 | time 31s/300s
step  540 | loss 0.3086 | games 34560 | time 31s/300s
step  550 | loss 0.3071 | games 35200 | time 32s/300s
step  560 | loss 0.2740 | games 35840 | time 32s/300s
step  570 | loss 0.2680 | games 36480 | time 33s/300s
step  580 | loss 0.2820 | games 37120 | time 33s/300s
step  590 | loss 0.2810 | games 37760 | time 34s/300s
step  600 | loss 0.2600 | games 38400 | time 34s/300s
step  610 | loss 0.2738 | games 39040 | time 35s/300s
step  620 | loss 0.3613 | games 39680 | time 35s/300s
step  630 | loss 0.3300 | games 40320 | time 36s/300s
step  640 | loss 0.3057 | games 40960 | time 37s/300s
step  650 | loss 0.3198 | games 41600 | time 37s/300s
step  660 | loss 0.3162 | games 42240 | time 38s/300s
step  670 | loss 0.2749 | games 42880 | time 38s/300s
step  680 | loss 0.3068 | games 43520 | time 39s/300s
step  690 | loss 0.3245 | games 44160 | time 39s/300s
step  700 | loss 0.3501 | games 44800 | time 40s/300s
step  710 | loss 0.3715 | games 45440 | time 41s/300s
step  720 | loss 0.3758 | games 46080 | time 41s/300s
step  730 | loss 0.3726 | games 46720 | time 42s/300s
step  740 | loss 0.3641 | games 47360 | time 42s/300s
step  750 | loss 0.3318 | games 48000 | time 43s/300s
step  760 | loss 0.3227 | games 48640 | time 43s/300s
step  770 | loss 0.3352 | games 49280 | time 44s/300s
step  780 | loss 0.3206 | games 49920 | time 44s/300s
step  790 | loss 0.3101 | games 50560 | time 45s/300s
step  800 | loss 0.2860 | games 51200 | time 45s/300s
step  810 | loss 0.2942 | games 51840 | time 46s/300s
step  820 | loss 0.3423 | games 52480 | time 47s/300s
step  830 | loss 0.3116 | games 53120 | time 47s/300s
step  840 | loss 0.3080 | games 53760 | time 48s/300s
step  850 | loss 0.3109 | games 54400 | time 48s/300s
step  860 | loss 0.3038 | games 55040 | time 49s/300s
step  870 | loss 0.2996 | games 55680 | time 49s/300s
step  880 | loss 0.2805 | games 56320 | time 50s/300s
step  890 | loss 0.3081 | games 56960 | time 50s/300s
step  900 | loss 0.3257 | games 57600 | time 51s/300s
step  910 | loss 0.3152 | games 58240 | time 51s/300s
step  920 | loss 0.2823 | games 58880 | time 52s/300s
step  930 | loss 0.2625 | games 59520 | time 52s/300s
step  940 | loss 0.2787 | games 60160 | time 53s/300s
step  950 | loss 0.3108 | games 60800 | time 53s/300s
step  960 | loss 0.3084 | games 61440 | time 54s/300s
step  970 | loss 0.3290 | games 62080 | time 55s/300s
step  980 | loss 0.2979 | games 62720 | time 55s/300s
step  990 | loss 0.3124 | games 63360 | time 56s/300s
step 1000 | loss 0.2984 | games 64000 | time 56s/300s
step 1010 | loss 0.2862 | games 64640 | time 57s/300s
step 1020 | loss 0.3484 | games 65280 | time 57s/300s
step 1030 | loss 0.3263 | games 65920 | time 58s/300s
step 1040 | loss 0.3200 | games 66560 | time 59s/300s
step 1050 | loss 0.2904 | games 67200 | time 59s/300s
step 1060 | loss 0.3150 | games 67840 | time 60s/300s
step 1070 | loss 0.2958 | games 68480 | time 60s/300s
step 1080 | loss 0.2730 | games 69120 | time 61s/300s
step 1090 | loss 0.2899 | games 69760 | time 61s/300s
step 1100 | loss 0.2882 | games 70400 | time 62s/300s
step 1110 | loss 0.3033 | games 71040 | time 62s/300s
step 1120 | loss 0.3382 | games 71680 | time 63s/300s
step 1130 | loss 0.3086 | games 72320 | time 64s/300s
step 1140 | loss 0.2985 | games 72960 | time 64s/300s
step 1150 | loss 0.2975 | games 73600 | time 65s/300s
step 1160 | loss 0.2760 | games 74240 | time 65s/300s
step 1170 | loss 0.3182 | games 74880 | time 66s/300s
step 1180 | loss 0.3099 | games 75520 | time 66s/300s
step 1190 | loss 0.2665 | games 76160 | time 67s/300s
step 1200 | loss 0.2601 | games 76800 | time 67s/300s
step 1210 | loss 0.3019 | games 77440 | time 68s/300s
step 1220 | loss 0.2932 | games 78080 | time 69s/300s
step 1230 | loss 0.3037 | games 78720 | time 69s/300s
step 1240 | loss 0.2895 | games 79360 | time 70s/300s
step 1250 | loss 0.2775 | games 80000 | time 70s/300s
step 1260 | loss 0.3068 | games 80640 | time 71s/300s
step 1270 | loss 0.3054 | games 81280 | time 71s/300s
step 1280 | loss 0.3028 | games 81920 | time 72s/300s
step 1290 | loss 0.3060 | games 82560 | time 72s/300s
step 1300 | loss 0.2816 | games 83200 | time 73s/300s
step 1310 | loss 0.2484 | games 83840 | time 73s/300s
step 1320 | loss 0.2802 | games 84480 | time 74s/300s
step 1330 | loss 0.2832 | games 85120 | time 74s/300s
step 1340 | loss 0.3008 | games 85760 | time 75s/300s
step 1350 | loss 0.2968 | games 86400 | time 75s/300s
step 1360 | loss 0.2861 | games 87040 | time 76s/300s
step 1370 | loss 0.2755 | games 87680 | time 77s/300s
step 1380 | loss 0.2526 | games 88320 | time 77s/300s
step 1390 | loss 0.2854 | games 88960 | time 78s/300s
step 1400 | loss 0.2490 | games 89600 | time 78s/300s
step 1410 | loss 0.2457 | games 90240 | time 79s/300s
step 1420 | loss 0.3115 | games 90880 | time 80s/300s
step 1430 | loss 0.3400 | games 91520 | time 80s/300s
step 1440 | loss 0.3372 | games 92160 | time 81s/300s
step 1450 | loss 0.3249 | games 92800 | time 81s/300s
step 1460 | loss 0.3134 | games 93440 | time 82s/300s
step 1470 | loss 0.2940 | games 94080 | time 82s/300s
step 1480 | loss 0.2856 | games 94720 | time 83s/300s
step 1490 | loss 0.3004 | games 95360 | time 84s/300s
step 1500 | loss 0.2743 | games 96000 | time 84s/300s
step 1510 | loss 0.2635 | games 96640 | time 85s/300s
step 1520 | loss 0.3123 | games 97280 | time 85s/300s
step 1530 | loss 0.3382 | games 97920 | time 86s/300s
step 1540 | loss 0.3330 | games 98560 | time 86s/300s
step 1550 | loss 0.3275 | games 99200 | time 87s/300s
step 1560 | loss 0.3410 | games 99840 | time 88s/300s
step 1570 | loss 0.2980 | games 100480 | time 88s/300s
step 1580 | loss 0.3030 | games 101120 | time 89s/300s
step 1590 | loss 0.2823 | games 101760 | time 89s/300s
step 1600 | loss 0.2701 | games 102400 | time 90s/300s
step 1610 | loss 0.2664 | games 103040 | time 90s/300s
step 1620 | loss 0.2732 | games 103680 | time 91s/300s
step 1630 | loss 0.2754 | games 104320 | time 91s/300s
step 1640 | loss 0.2894 | games 104960 | time 92s/300s
step 1650 | loss 0.2439 | games 105600 | time 92s/300s
step 1660 | loss 0.2522 | games 106240 | time 93s/300s
step 1670 | loss 0.2981 | games 106880 | time 94s/300s
step 1680 | loss 0.2780 | games 107520 | time 94s/300s
step 1690 | loss 0.3066 | games 108160 | time 95s/300s
step 1700 | loss 0.2774 | games 108800 | time 96s/300s
step 1710 | loss 0.2783 | games 109440 | time 96s/300s
step 1720 | loss 0.2828 | games 110080 | time 97s/300s
step 1730 | loss 0.2888 | games 110720 | time 97s/300s
step 1740 | loss 0.2949 | games 111360 | time 98s/300s
step 1750 | loss 0.3034 | games 112000 | time 99s/300s
step 1760 | loss 0.2924 | games 112640 | time 99s/300s
step 1770 | loss 0.3030 | games 113280 | time 100s/300s
step 1780 | loss 0.2873 | games 113920 | time 100s/300s
step 1790 | loss 0.2878 | games 114560 | time 101s/300s
step 1800 | loss 0.2793 | games 115200 | time 102s/300s
step 1810 | loss 0.2588 | games 115840 | time 102s/300s
step 1820 | loss 0.2681 | games 116480 | time 103s/300s
step 1830 | loss 0.3092 | games 117120 | time 103s/300s
step 1840 | loss 0.3067 | games 117760 | time 104s/300s
step 1850 | loss 0.2851 | games 118400 | time 104s/300s
step 1860 | loss 0.2772 | games 119040 | time 105s/300s
step 1870 | loss 0.2778 | games 119680 | time 105s/300s
step 1880 | loss 0.2863 | games 120320 | time 106s/300s
step 1890 | loss 0.2862 | games 120960 | time 107s/300s
step 1900 | loss 0.2976 | games 121600 | time 107s/300s
step 1910 | loss 0.2834 | games 122240 | time 108s/300s
step 1920 | loss 0.2877 | games 122880 | time 108s/300s
step 1930 | loss 0.3099 | games 123520 | time 109s/300s
step 1940 | loss 0.3228 | games 124160 | time 109s/300s
step 1950 | loss 0.3204 | games 124800 | time 110s/300s
step 1960 | loss 0.2916 | games 125440 | time 110s/300s
step 1970 | loss 0.2810 | games 126080 | time 111s/300s
step 1980 | loss 0.2711 | games 126720 | time 112s/300s
step 1990 | loss 0.2844 | games 127360 | time 112s/300s
step 2000 | loss 0.2999 | games 128000 | time 113s/300s
step 2010 | loss 0.3086 | games 128640 | time 113s/300s
step 2020 | loss 0.2853 | games 129280 | time 114s/300s
step 2030 | loss 0.2932 | games 129920 | time 114s/300s
step 2040 | loss 0.2906 | games 130560 | time 115s/300s
step 2050 | loss 0.2772 | games 131200 | time 116s/300s
step 2060 | loss 0.2985 | games 131840 | time 116s/300s
step 2070 | loss 0.2963 | games 132480 | time 117s/300s
step 2080 | loss 0.3120 | games 133120 | time 117s/300s
step 2090 | loss 0.2986 | games 133760 | time 118s/300s
step 2100 | loss 0.2766 | games 134400 | time 118s/300s
step 2110 | loss 0.2655 | games 135040 | time 119s/300s
step 2120 | loss 0.2629 | games 135680 | time 119s/300s
step 2130 | loss 0.2432 | games 136320 | time 120s/300s
step 2140 | loss 0.2337 | games 136960 | time 120s/300s
step 2150 | loss 0.2691 | games 137600 | time 121s/300s
step 2160 | loss 0.3004 | games 138240 | time 121s/300s
step 2170 | loss 0.2867 | games 138880 | time 122s/300s
step 2180 | loss 0.2910 | games 139520 | time 123s/300s
step 2190 | loss 0.2992 | games 140160 | time 123s/300s
step 2200 | loss 0.3003 | games 140800 | time 124s/300s
step 2210 | loss 0.2871 | games 141440 | time 124s/300s
step 2220 | loss 0.2502 | games 142080 | time 125s/300s
step 2230 | loss 0.2375 | games 142720 | time 125s/300s
step 2240 | loss 0.2710 | games 143360 | time 126s/300s
step 2250 | loss 0.2865 | games 144000 | time 126s/300s
step 2260 | loss 0.2641 | games 144640 | time 127s/300s
step 2270 | loss 0.2198 | games 145280 | time 127s/300s
step 2280 | loss 0.2576 | games 145920 | time 128s/300s
step 2290 | loss 0.2846 | games 146560 | time 128s/300s
step 2300 | loss 0.2785 | games 147200 | time 129s/300s
step 2310 | loss 0.2840 | games 147840 | time 129s/300s
step 2320 | loss 0.2736 | games 148480 | time 130s/300s
step 2330 | loss 0.2487 | games 149120 | time 130s/300s
step 2340 | loss 0.2479 | games 149760 | time 131s/300s
step 2350 | loss 0.2180 | games 150400 | time 131s/300s
step 2360 | loss 0.2637 | games 151040 | time 132s/300s
step 2370 | loss 0.2717 | games 151680 | time 132s/300s
step 2380 | loss 0.2900 | games 152320 | time 133s/300s
step 2390 | loss 0.2625 | games 152960 | time 133s/300s
step 2400 | loss 0.2697 | games 153600 | time 134s/300s
step 2410 | loss 0.3235 | games 154240 | time 135s/300s
step 2420 | loss 0.3650 | games 154880 | time 135s/300s
step 2430 | loss 0.3678 | games 155520 | time 136s/300s
step 2440 | loss 0.3340 | games 156160 | time 137s/300s
step 2450 | loss 0.3528 | games 156800 | time 137s/300s
step 2460 | loss 0.3284 | games 157440 | time 138s/300s
step 2470 | loss 0.3503 | games 158080 | time 138s/300s
step 2480 | loss 0.2897 | games 158720 | time 139s/300s
step 2490 | loss 0.2848 | games 159360 | time 139s/300s
step 2500 | loss 0.2999 | games 160000 | time 140s/300s
step 2510 | loss 0.2753 | games 160640 | time 140s/300s
step 2520 | loss 0.2877 | games 161280 | time 141s/300s
step 2530 | loss 0.2932 | games 161920 | time 141s/300s
step 2540 | loss 0.2384 | games 162560 | time 142s/300s
step 2550 | loss 0.2509 | games 163200 | time 142s/300s
step 2560 | loss 0.2295 | games 163840 | time 143s/300s
step 2570 | loss 0.2527 | games 164480 | time 143s/300s
step 2580 | loss 0.2241 | games 165120 | time 144s/300s
step 2590 | loss 0.2279 | games 165760 | time 144s/300s
step 2600 | loss 0.2636 | games 166400 | time 145s/300s
step 2610 | loss 0.2712 | games 167040 | time 145s/300s
step 2620 | loss 0.2651 | games 167680 | time 146s/300s
step 2630 | loss 0.2550 | games 168320 | time 146s/300s
step 2640 | loss 0.1921 | games 168960 | time 147s/300s
step 2650 | loss 0.1788 | games 169600 | time 147s/300s
step 2660 | loss 0.2092 | games 170240 | time 148s/300s
step 2670 | loss 0.2506 | games 170880 | time 148s/300s
step 2680 | loss 0.2712 | games 171520 | time 149s/300s
step 2690 | loss 0.2485 | games 172160 | time 149s/300s
step 2700 | loss 0.2471 | games 172800 | time 150s/300s
step 2710 | loss 0.2636 | games 173440 | time 150s/300s
step 2720 | loss 0.2330 | games 174080 | time 151s/300s
step 2730 | loss 0.2832 | games 174720 | time 151s/300s
step 2740 | loss 0.2389 | games 175360 | time 152s/300s
step 2750 | loss 0.2333 | games 176000 | time 152s/300s
step 2760 | loss 0.2667 | games 176640 | time 153s/300s
step 2770 | loss 0.2723 | games 177280 | time 154s/300s
step 2780 | loss 0.3014 | games 177920 | time 154s/300s
step 2790 | loss 0.3061 | games 178560 | time 155s/300s
step 2800 | loss 0.3230 | games 179200 | time 155s/300s
step 2810 | loss 0.2845 | games 179840 | time 156s/300s
step 2820 | loss 0.2624 | games 180480 | time 156s/300s
step 2830 | loss 0.2677 | games 181120 | time 157s/300s
step 2840 | loss 0.2578 | games 181760 | time 157s/300s
step 2850 | loss 0.2505 | games 182400 | time 158s/300s
step 2860 | loss 0.2905 | games 183040 | time 158s/300s
step 2870 | loss 0.2740 | games 183680 | time 159s/300s
step 2880 | loss 0.2785 | games 184320 | time 160s/300s
step 2890 | loss 0.3053 | games 184960 | time 160s/300s
step 2900 | loss 0.2989 | games 185600 | time 161s/300s
step 2910 | loss 0.2968 | games 186240 | time 161s/300s
step 2920 | loss 0.2622 | games 186880 | time 162s/300s
step 2930 | loss 0.2532 | games 187520 | time 162s/300s
step 2940 | loss 0.2813 | games 188160 | time 163s/300s
step 2950 | loss 0.2862 | games 188800 | time 163s/300s
step 2960 | loss 0.3042 | games 189440 | time 164s/300s
step 2970 | loss 0.2872 | games 190080 | time 164s/300s
step 2980 | loss 0.2478 | games 190720 | time 165s/300s
step 2990 | loss 0.2655 | games 191360 | time 166s/300s
step 3000 | loss 0.2836 | games 192000 | time 166s/300s
step 3010 | loss 0.2635 | games 192640 | time 167s/300s
step 3020 | loss 0.2590 | games 193280 | time 167s/300s
step 3030 | loss 0.2716 | games 193920 | time 168s/300s
step 3040 | loss 0.2788 | games 194560 | time 168s/300s
step 3050 | loss 0.3085 | games 195200 | time 169s/300s
step 3060 | loss 0.3008 | games 195840 | time 170s/300s
step 3070 | loss 0.2901 | games 196480 | time 170s/300s
step 3080 | loss 0.2607 | games 197120 | time 171s/300s
step 3090 | loss 0.2114 | games 197760 | time 171s/300s
step 3100 | loss 0.1946 | games 198400 | time 172s/300s
step 3110 | loss 0.1593 | games 199040 | time 172s/300s
step 3120 | loss 0.1936 | games 199680 | time 173s/300s
step 3130 | loss 0.2398 | games 200320 | time 173s/300s
step 3140 | loss 0.2134 | games 200960 | time 174s/300s
step 3150 | loss 0.2184 | games 201600 | time 174s/300s
step 3160 | loss 0.2091 | games 202240 | time 175s/300s
step 3170 | loss 0.2265 | games 202880 | time 175s/300s
step 3180 | loss 0.2267 | games 203520 | time 176s/300s
step 3190 | loss 0.2138 | games 204160 | time 176s/300s
step 3200 | loss 0.2036 | games 204800 | time 177s/300s
step 3210 | loss 0.2145 | games 205440 | time 177s/300s
step 3220 | loss 0.2308 | games 206080 | time 178s/300s
step 3230 | loss 0.2127 | games 206720 | time 178s/300s
step 3240 | loss 0.2340 | games 207360 | time 179s/300s
step 3250 | loss 0.2729 | games 208000 | time 180s/300s
step 3260 | loss 0.2626 | games 208640 | time 180s/300s
step 3270 | loss 0.2456 | games 209280 | time 181s/300s
step 3280 | loss 0.2693 | games 209920 | time 181s/300s
step 3290 | loss 0.2423 | games 210560 | time 182s/300s
step 3300 | loss 0.2576 | games 211200 | time 182s/300s
step 3310 | loss 0.2518 | games 211840 | time 183s/300s
step 3320 | loss 0.2288 | games 212480 | time 183s/300s
step 3330 | loss 0.2233 | games 213120 | time 184s/300s
step 3340 | loss 0.2355 | games 213760 | time 185s/300s
step 3350 | loss 0.2366 | games 214400 | time 185s/300s
step 3360 | loss 0.2208 | games 215040 | time 186s/300s
step 3370 | loss 0.2457 | games 215680 | time 186s/300s
step 3380 | loss 0.2596 | games 216320 | time 187s/300s
step 3390 | loss 0.1981 | games 216960 | time 187s/300s
step 3400 | loss 0.2083 | games 217600 | time 188s/300s
step 3410 | loss 0.2007 | games 218240 | time 188s/300s
step 3420 | loss 0.2502 | games 218880 | time 189s/300s
step 3430 | loss 0.2507 | games 219520 | time 190s/300s
step 3440 | loss 0.2402 | games 220160 | time 190s/300s
step 3450 | loss 0.2726 | games 220800 | time 191s/300s
step 3460 | loss 0.2229 | games 221440 | time 191s/300s
step 3470 | loss 0.2262 | games 222080 | time 192s/300s
step 3480 | loss 0.2312 | games 222720 | time 192s/300s
step 3490 | loss 0.2489 | games 223360 | time 193s/300s
step 3500 | loss 0.2117 | games 224000 | time 193s/300s
step 3510 | loss 0.1887 | games 224640 | time 194s/300s
step 3520 | loss 0.1857 | games 225280 | time 194s/300s
step 3530 | loss 0.2146 | games 225920 | time 195s/300s
step 3540 | loss 0.1768 | games 226560 | time 195s/300s
step 3550 | loss 0.2031 | games 227200 | time 196s/300s
step 3560 | loss 0.1901 | games 227840 | time 196s/300s
step 3570 | loss 0.2052 | games 228480 | time 197s/300s
step 3580 | loss 0.2400 | games 229120 | time 197s/300s
step 3590 | loss 0.2262 | games 229760 | time 198s/300s
step 3600 | loss 0.2338 | games 230400 | time 199s/300s
step 3610 | loss 0.2149 | games 231040 | time 199s/300s
step 3620 | loss 0.2390 | games 231680 | time 200s/300s
step 3630 | loss 0.2506 | games 232320 | time 200s/300s
step 3640 | loss 0.2503 | games 232960 | time 201s/300s
step 3650 | loss 0.2846 | games 233600 | time 201s/300s
step 3660 | loss 0.3079 | games 234240 | time 202s/300s
step 3670 | loss 0.3237 | games 234880 | time 203s/300s
step 3680 | loss 0.2872 | games 235520 | time 203s/300s
step 3690 | loss 0.2637 | games 236160 | time 204s/300s
step 3700 | loss 0.2414 | games 236800 | time 204s/300s
step 3710 | loss 0.2761 | games 237440 | time 205s/300s
step 3720 | loss 0.2745 | games 238080 | time 206s/300s
step 3730 | loss 0.2747 | games 238720 | time 206s/300s
step 3740 | loss 0.2817 | games 239360 | time 207s/300s
step 3750 | loss 0.2655 | games 240000 | time 207s/300s
step 3760 | loss 0.2381 | games 240640 | time 208s/300s
step 3770 | loss 0.2117 | games 241280 | time 208s/300s
step 3780 | loss 0.2210 | games 241920 | time 209s/300s
step 3790 | loss 0.2574 | games 242560 | time 210s/300s
step 3800 | loss 0.2810 | games 243200 | time 210s/300s
step 3810 | loss 0.2606 | games 243840 | time 211s/300s
step 3820 | loss 0.2341 | games 244480 | time 211s/300s
step 3830 | loss 0.2507 | games 245120 | time 212s/300s
step 3840 | loss 0.2611 | games 245760 | time 212s/300s
step 3850 | loss 0.2373 | games 246400 | time 213s/300s
step 3860 | loss 0.2656 | games 247040 | time 214s/300s
step 3870 | loss 0.2630 | games 247680 | time 214s/300s
step 3880 | loss 0.2283 | games 248320 | time 215s/300s
step 3890 | loss 0.2334 | games 248960 | time 215s/300s
step 3900 | loss 0.2495 | games 249600 | time 216s/300s
step 3910 | loss 0.2285 | games 250240 | time 217s/300s
step 3920 | loss 0.2501 | games 250880 | time 217s/300s
step 3930 | loss 0.2253 | games 251520 | time 218s/300s
step 3940 | loss 0.2113 | games 252160 | time 218s/300s
step 3950 | loss 0.1959 | games 252800 | time 219s/300s
step 3960 | loss 0.2298 | games 253440 | time 219s/300s
step 3970 | loss 0.2435 | games 254080 | time 220s/300s
step 3980 | loss 0.2173 | games 254720 | time 220s/300s
step 3990 | loss 0.1770 | games 255360 | time 221s/300s
step 4000 | loss 0.2159 | games 256000 | time 221s/300s
step 4010 | loss 0.2130 | games 256640 | time 222s/300s
step 4020 | loss 0.2175 | games 257280 | time 222s/300s
step 4030 | loss 0.2218 | games 257920 | time 223s/300s
step 4040 | loss 0.2276 | games 258560 | time 224s/300s
step 4050 | loss 0.2263 | games 259200 | time 224s/300s
step 4060 | loss 0.2279 | games 259840 | time 225s/300s
step 4070 | loss 0.2256 | games 260480 | time 225s/300s
step 4080 | loss 0.2207 | games 261120 | time 226s/300s
step 4090 | loss 0.2238 | games 261760 | time 227s/300s
step 4100 | loss 0.2484 | games 262400 | time 227s/300s
step 4110 | loss 0.2396 | games 263040 | time 228s/300s
step 4120 | loss 0.2542 | games 263680 | time 228s/300s
step 4130 | loss 0.2393 | games 264320 | time 229s/300s
step 4140 | loss 0.2476 | games 264960 | time 229s/300s
step 4150 | loss 0.2391 | games 265600 | time 230s/300s
step 4160 | loss 0.2579 | games 266240 | time 231s/300s
step 4170 | loss 0.2641 | games 266880 | time 231s/300s
step 4180 | loss 0.2509 | games 267520 | time 232s/300s
step 4190 | loss 0.2545 | games 268160 | time 232s/300s
step 4200 | loss 0.2856 | games 268800 | time 233s/300s
step 4210 | loss 0.2853 | games 269440 | time 233s/300s
step 4220 | loss 0.2398 | games 270080 | time 234s/300s
step 4230 | loss 0.2634 | games 270720 | time 235s/300s
step 4240 | loss 0.2555 | games 271360 | time 235s/300s
step 4250 | loss 0.2711 | games 272000 | time 236s/300s
step 4260 | loss 0.2605 | games 272640 | time 237s/300s
step 4270 | loss 0.2495 | games 273280 | time 237s/300s
step 4280 | loss 0.2521 | games 273920 | time 238s/300s
step 4290 | loss 0.2609 | games 274560 | time 238s/300s
step 4300 | loss 0.2300 | games 275200 | time 239s/300s
step 4310 | loss 0.2434 | games 275840 | time 239s/300s
step 4320 | loss 0.2275 | games 276480 | time 240s/300s
step 4330 | loss 0.2336 | games 277120 | time 241s/300s
step 4340 | loss 0.2402 | games 277760 | time 241s/300s
step 4350 | loss 0.2135 | games 278400 | time 242s/300s
step 4360 | loss 0.2119 | games 279040 | time 242s/300s
step 4370 | loss 0.2214 | games 279680 | time 243s/300s
step 4380 | loss 0.2451 | games 280320 | time 243s/300s
step 4390 | loss 0.2615 | games 280960 | time 244s/300s
step 4400 | loss 0.2596 | games 281600 | time 244s/300s
step 4410 | loss 0.2740 | games 282240 | time 245s/300s
step 4420 | loss 0.2664 | games 282880 | time 245s/300s
step 4430 | loss 0.2275 | games 283520 | time 246s/300s
step 4440 | loss 0.2058 | games 284160 | time 247s/300s
step 4450 | loss 0.2068 | games 284800 | time 247s/300s
step 4460 | loss 0.2543 | games 285440 | time 248s/300s
step 4470 | loss 0.2379 | games 286080 | time 248s/300s
step 4480 | loss 0.2420 | games 286720 | time 249s/300s
step 4490 | loss 0.2155 | games 287360 | time 249s/300s
step 4500 | loss 0.2365 | games 288000 | time 250s/300s
step 4510 | loss 0.2099 | games 288640 | time 250s/300s
step 4520 | loss 0.2430 | games 289280 | time 251s/300s
step 4530 | loss 0.2463 | games 289920 | time 251s/300s
step 4540 | loss 0.2071 | games 290560 | time 252s/300s
step 4550 | loss 0.2398 | games 291200 | time 253s/300s
step 4560 | loss 0.2486 | games 291840 | time 253s/300s
step 4570 | loss 0.2456 | games 292480 | time 254s/300s
step 4580 | loss 0.2492 | games 293120 | time 254s/300s
step 4590 | loss 0.2399 | games 293760 | time 255s/300s
step 4600 | loss 0.2598 | games 294400 | time 255s/300s
step 4610 | loss 0.2582 | games 295040 | time 256s/300s
step 4620 | loss 0.2479 | games 295680 | time 256s/300s
step 4630 | loss 0.2748 | games 296320 | time 257s/300s
step 4640 | loss 0.3028 | games 296960 | time 257s/300s
step 4650 | loss 0.2803 | games 297600 | time 258s/300s
step 4660 | loss 0.2893 | games 298240 | time 259s/300s
step 4670 | loss 0.2876 | games 298880 | time 259s/300s
step 4680 | loss 0.2726 | games 299520 | time 260s/300s
step 4690 | loss 0.2785 | games 300160 | time 260s/300s
step 4700 | loss 0.2291 | games 300800 | time 261s/300s
step 4710 | loss 0.2472 | games 301440 | time 261s/300s
step 4720 | loss 0.2503 | games 302080 | time 262s/300s
step 4730 | loss 0.2549 | games 302720 | time 262s/300s
step 4740 | loss 0.2552 | games 303360 | time 263s/300s
step 4750 | loss 0.2718 | games 304000 | time 263s/300s
step 4760 | loss 0.2401 | games 304640 | time 264s/300s
step 4770 | loss 0.2442 | games 305280 | time 265s/300s
step 4780 | loss 0.2545 | games 305920 | time 265s/300s
step 4790 | loss 0.2450 | games 306560 | time 266s/300s
step 4800 | loss 0.2067 | games 307200 | time 266s/300s
step 4810 | loss 0.2037 | games 307840 | time 267s/300s
step 4820 | loss 0.1775 | games 308480 | time 267s/300s
step 4830 | loss 0.1944 | games 309120 | time 268s/300s
step 4840 | loss 0.2210 | games 309760 | time 268s/300s
step 4850 | loss 0.1957 | games 310400 | time 269s/300s
step 4860 | loss 0.1828 | games 311040 | time 269s/300s
step 4870 | loss 0.2044 | games 311680 | time 270s/300s
step 4880 | loss 0.2057 | games 312320 | time 271s/300s
step 4890 | loss 0.2164 | games 312960 | time 271s/300s
step 4900 | loss 0.2411 | games 313600 | time 272s/300s
step 4910 | loss 0.2435 | games 314240 | time 272s/300s
step 4920 | loss 0.2216 | games 314880 | time 273s/300s
step 4930 | loss 0.2295 | games 315520 | time 273s/300s
step 4940 | loss 0.2477 | games 316160 | time 274s/300s
step 4950 | loss 0.2540 | games 316800 | time 274s/300s
step 4960 | loss 0.2607 | games 317440 | time 275s/300s
step 4970 | loss 0.2507 | games 318080 | time 276s/300s
step 4980 | loss 0.2888 | games 318720 | time 276s/300s
step 4990 | loss 0.2668 | games 319360 | time 277s/300s
step 5000 | loss 0.2590 | games 320000 | time 277s/300s
step 5010 | loss 0.2739 | games 320640 | time 278s/300s
step 5020 | loss 0.2214 | games 321280 | time 278s/300s
step 5030 | loss 0.2163 | games 321920 | time 279s/300s
step 5040 | loss 0.2145 | games 322560 | time 279s/300s
step 5050 | loss 0.2403 | games 323200 | time 280s/300s
step 5060 | loss 0.2283 | games 323840 | time 281s/300s
step 5070 | loss 0.2192 | games 324480 | time 281s/300s
step 5080 | loss 0.2307 | games 325120 | time 282s/300s
step 5090 | loss 0.2472 | games 325760 | time 282s/300s
step 5100 | loss 0.2492 | games 326400 | time 283s/300s
step 5110 | loss 0.2576 | games 327040 | time 284s/300s
step 5120 | loss 0.2383 | games 327680 | time 284s/300s
step 5130 | loss 0.2067 | games 328320 | time 285s/300s
step 5140 | loss 0.1972 | games 328960 | time 285s/300s
step 5150 | loss 0.2024 | games 329600 | time 286s/300s
step 5160 | loss 0.2356 | games 330240 | time 286s/300s
step 5170 | loss 0.2486 | games 330880 | time 287s/300s
step 5180 | loss 0.2570 | games 331520 | time 287s/300s
step 5190 | loss 0.2484 | games 332160 | time 288s/300s
step 5200 | loss 0.2637 | games 332800 | time 289s/300s
step 5210 | loss 0.2755 | games 333440 | time 289s/300s
step 5220 | loss 0.2819 | games 334080 | time 290s/300s
step 5230 | loss 0.2562 | games 334720 | time 290s/300s
step 5240 | loss 0.2600 | games 335360 | time 291s/300s
step 5250 | loss 0.2802 | games 336000 | time 291s/300s
step 5260 | loss 0.2780 | games 336640 | time 292s/300s
step 5270 | loss 0.2937 | games 337280 | time 293s/300s
step 5280 | loss 0.2648 | games 337920 | time 293s/300s
step 5290 | loss 0.2295 | games 338560 | time 294s/300s
step 5300 | loss 0.2441 | games 339200 | time 294s/300s
step 5310 | loss 0.2459 | games 339840 | time 295s/300s
step 5320 | loss 0.2597 | games 340480 | time 295s/300s
step 5330 | loss 0.2604 | games 341120 | time 296s/300s
step 5340 | loss 0.2213 | games 341760 | time 297s/300s
step 5350 | loss 0.2637 | games 342400 | time 297s/300s
step 5360 | loss 0.2668 | games 343040 | time 298s/300s
step 5370 | loss 0.2402 | games 343680 | time 298s/300s
step 5380 | loss 0.2450 | games 344320 | time 299s/300s
step 5390 | loss 0.2265 | games 344960 | time 300s/300s

Training complete: 5399 steps, 345536 games, 300.1s

Evaluating against opponent suite (search depth 2)...

Per-opponent results:
  random         : 1.000 win_rate (100W 0L 0D / 100)
  one_step       : 0.500 win_rate (50W 50L 0D / 100)
  minimax_d3     : 0.000 win_rate (0W 100L 0D / 100)
  minimax_d5     : 0.000 win_rate (0W 100L 0D / 100)

---
win_rate:          0.153846
training_seconds:  300.1
total_seconds:     367.7
eval_seconds:      66.7
peak_vram_mb:      95.3
total_games:       345536
num_steps:         5399
num_params:        764872
conv_layers:       3
conv_channels:     64
fc_hidden:         128
entropy_coef:      0.03
