Device: cuda
Model parameters: 764,872
Time budget: 300s
Self-play ratio: 0.7
Exploration rate: 0.15
Entropy coef: 0.03
Games per batch: 64

step   10 | loss 0.5253 | games   640 | time 1s/300s
step   20 | loss 0.4405 | games  1280 | time 2s/300s
step   30 | loss 0.4064 | games  1920 | time 3s/300s
step   40 | loss 0.3547 | games  2560 | time 3s/300s
step   50 | loss 0.3090 | games  3200 | time 4s/300s
step   60 | loss 0.3073 | games  3840 | time 4s/300s
step   70 | loss 0.3397 | games  4480 | time 5s/300s
step   80 | loss 0.3617 | games  5120 | time 5s/300s
step   90 | loss 0.3106 | games  5760 | time 6s/300s
step  100 | loss 0.2968 | games  6400 | time 7s/300s
step  110 | loss 0.2648 | games  7040 | time 7s/300s
step  120 | loss 0.2514 | games  7680 | time 8s/300s
step  130 | loss 0.2561 | games  8320 | time 8s/300s
step  140 | loss 0.2775 | games  8960 | time 9s/300s
step  150 | loss 0.2860 | games  9600 | time 9s/300s
step  160 | loss 0.2589 | games 10240 | time 10s/300s
step  170 | loss 0.2860 | games 10880 | time 11s/300s
step  180 | loss 0.2895 | games 11520 | time 11s/300s
step  190 | loss 0.3005 | games 12160 | time 12s/300s
step  200 | loss 0.2719 | games 12800 | time 12s/300s
step  210 | loss 0.2743 | games 13440 | time 13s/300s
step  220 | loss 0.2971 | games 14080 | time 13s/300s
step  230 | loss 0.3449 | games 14720 | time 14s/300s
step  240 | loss 0.3267 | games 15360 | time 15s/300s
step  250 | loss 0.3402 | games 16000 | time 15s/300s
step  260 | loss 0.3046 | games 16640 | time 16s/300s
step  270 | loss 0.3266 | games 17280 | time 16s/300s
step  280 | loss 0.2751 | games 17920 | time 17s/300s
step  290 | loss 0.3407 | games 18560 | time 18s/300s
step  300 | loss 0.3272 | games 19200 | time 18s/300s
step  310 | loss 0.2674 | games 19840 | time 19s/300s
step  320 | loss 0.2785 | games 20480 | time 19s/300s
step  330 | loss 0.3178 | games 21120 | time 20s/300s
step  340 | loss 0.2966 | games 21760 | time 21s/300s
step  350 | loss 0.2859 | games 22400 | time 21s/300s
step  360 | loss 0.3279 | games 23040 | time 22s/300s
step  370 | loss 0.3075 | games 23680 | time 22s/300s
step  380 | loss 0.3001 | games 24320 | time 23s/300s
step  390 | loss 0.3371 | games 24960 | time 23s/300s
step  400 | loss 0.3851 | games 25600 | time 24s/300s
step  410 | loss 0.2941 | games 26240 | time 24s/300s
step  420 | loss 0.3394 | games 26880 | time 25s/300s
step  430 | loss 0.3169 | games 27520 | time 26s/300s
step  440 | loss 0.3369 | games 28160 | time 26s/300s
step  450 | loss 0.3408 | games 28800 | time 27s/300s
step  460 | loss 0.3187 | games 29440 | time 27s/300s
step  470 | loss 0.2808 | games 30080 | time 28s/300s
step  480 | loss 0.2761 | games 30720 | time 29s/300s
step  490 | loss 0.2871 | games 31360 | time 29s/300s
step  500 | loss 0.2825 | games 32000 | time 30s/300s
step  510 | loss 0.3232 | games 32640 | time 30s/300s
step  520 | loss 0.3152 | games 33280 | time 31s/300s
step  530 | loss 0.3025 | games 33920 | time 32s/300s
step  540 | loss 0.3113 | games 34560 | time 32s/300s
step  550 | loss 0.3070 | games 35200 | time 33s/300s
step  560 | loss 0.2951 | games 35840 | time 34s/300s
step  570 | loss 0.2853 | games 36480 | time 34s/300s
step  580 | loss 0.3036 | games 37120 | time 35s/300s
step  590 | loss 0.3095 | games 37760 | time 35s/300s
step  600 | loss 0.3180 | games 38400 | time 36s/300s
step  610 | loss 0.3454 | games 39040 | time 37s/300s
step  620 | loss 0.3111 | games 39680 | time 37s/300s
step  630 | loss 0.3060 | games 40320 | time 38s/300s
step  640 | loss 0.3073 | games 40960 | time 38s/300s
step  650 | loss 0.2333 | games 41600 | time 39s/300s
step  660 | loss 0.2168 | games 42240 | time 39s/300s
step  670 | loss 0.2517 | games 42880 | time 40s/300s
step  680 | loss 0.2623 | games 43520 | time 40s/300s
step  690 | loss 0.2158 | games 44160 | time 41s/300s
step  700 | loss 0.2144 | games 44800 | time 41s/300s
step  710 | loss 0.2318 | games 45440 | time 42s/300s
step  720 | loss 0.2603 | games 46080 | time 43s/300s
step  730 | loss 0.2880 | games 46720 | time 43s/300s
step  740 | loss 0.2745 | games 47360 | time 44s/300s
step  750 | loss 0.2996 | games 48000 | time 44s/300s
step  760 | loss 0.2921 | games 48640 | time 45s/300s
step  770 | loss 0.2862 | games 49280 | time 45s/300s
step  780 | loss 0.3004 | games 49920 | time 46s/300s
step  790 | loss 0.3489 | games 50560 | time 46s/300s
step  800 | loss 0.3461 | games 51200 | time 47s/300s
step  810 | loss 0.3170 | games 51840 | time 48s/300s
step  820 | loss 0.3108 | games 52480 | time 48s/300s
step  830 | loss 0.2925 | games 53120 | time 49s/300s
step  840 | loss 0.2874 | games 53760 | time 49s/300s
step  850 | loss 0.3233 | games 54400 | time 50s/300s
step  860 | loss 0.3396 | games 55040 | time 50s/300s
step  870 | loss 0.3418 | games 55680 | time 51s/300s
step  880 | loss 0.3079 | games 56320 | time 52s/300s
step  890 | loss 0.2788 | games 56960 | time 52s/300s
step  900 | loss 0.3279 | games 57600 | time 53s/300s
step  910 | loss 0.2921 | games 58240 | time 53s/300s
step  920 | loss 0.3152 | games 58880 | time 54s/300s
step  930 | loss 0.2867 | games 59520 | time 55s/300s
step  940 | loss 0.3264 | games 60160 | time 55s/300s
step  950 | loss 0.2997 | games 60800 | time 56s/300s
step  960 | loss 0.2982 | games 61440 | time 56s/300s
step  970 | loss 0.3212 | games 62080 | time 57s/300s
step  980 | loss 0.2895 | games 62720 | time 57s/300s
step  990 | loss 0.2797 | games 63360 | time 58s/300s
step 1000 | loss 0.2925 | games 64000 | time 58s/300s
step 1010 | loss 0.3124 | games 64640 | time 59s/300s
step 1020 | loss 0.3165 | games 65280 | time 60s/300s
step 1030 | loss 0.2893 | games 65920 | time 60s/300s
step 1040 | loss 0.2685 | games 66560 | time 61s/300s
step 1050 | loss 0.2974 | games 67200 | time 61s/300s
step 1060 | loss 0.3126 | games 67840 | time 62s/300s
step 1070 | loss 0.3568 | games 68480 | time 63s/300s
step 1080 | loss 0.3380 | games 69120 | time 63s/300s
step 1090 | loss 0.2890 | games 69760 | time 64s/300s
step 1100 | loss 0.3103 | games 70400 | time 64s/300s
step 1110 | loss 0.2769 | games 71040 | time 65s/300s
step 1120 | loss 0.2951 | games 71680 | time 65s/300s
step 1130 | loss 0.3059 | games 72320 | time 66s/300s
step 1140 | loss 0.2910 | games 72960 | time 67s/300s
step 1150 | loss 0.3109 | games 73600 | time 67s/300s
step 1160 | loss 0.2837 | games 74240 | time 68s/300s
step 1170 | loss 0.3227 | games 74880 | time 68s/300s
step 1180 | loss 0.2644 | games 75520 | time 69s/300s
step 1190 | loss 0.2580 | games 76160 | time 69s/300s
step 1200 | loss 0.2671 | games 76800 | time 70s/300s
step 1210 | loss 0.3315 | games 77440 | time 70s/300s
step 1220 | loss 0.3096 | games 78080 | time 71s/300s
step 1230 | loss 0.2767 | games 78720 | time 71s/300s
step 1240 | loss 0.2575 | games 79360 | time 72s/300s
step 1250 | loss 0.2581 | games 80000 | time 72s/300s
step 1260 | loss 0.2720 | games 80640 | time 73s/300s
step 1270 | loss 0.2999 | games 81280 | time 74s/300s
step 1280 | loss 0.2643 | games 81920 | time 74s/300s
step 1290 | loss 0.2723 | games 82560 | time 75s/300s
step 1300 | loss 0.1941 | games 83200 | time 75s/300s
step 1310 | loss 0.2146 | games 83840 | time 76s/300s
step 1320 | loss 0.1633 | games 84480 | time 76s/300s
step 1330 | loss 0.1382 | games 85120 | time 77s/300s
step 1340 | loss 0.1414 | games 85760 | time 77s/300s
step 1350 | loss 0.2499 | games 86400 | time 77s/300s
step 1360 | loss 0.3169 | games 87040 | time 78s/300s
step 1370 | loss 0.1778 | games 87680 | time 78s/300s
step 1380 | loss 0.2205 | games 88320 | time 79s/300s
step 1390 | loss 0.1853 | games 88960 | time 79s/300s
step 1400 | loss 0.1854 | games 89600 | time 80s/300s
step 1410 | loss 0.1724 | games 90240 | time 80s/300s
step 1420 | loss 0.1856 | games 90880 | time 81s/300s
step 1430 | loss 0.1958 | games 91520 | time 81s/300s
step 1440 | loss 0.2094 | games 92160 | time 82s/300s
step 1450 | loss 0.1973 | games 92800 | time 82s/300s
step 1460 | loss 0.2307 | games 93440 | time 83s/300s
step 1470 | loss 0.3003 | games 94080 | time 83s/300s
step 1480 | loss 0.2345 | games 94720 | time 84s/300s
step 1490 | loss 0.2171 | games 95360 | time 84s/300s
step 1500 | loss 0.2421 | games 96000 | time 85s/300s
step 1510 | loss 0.2024 | games 96640 | time 85s/300s
step 1520 | loss 0.2250 | games 97280 | time 86s/300s
step 1530 | loss 0.2572 | games 97920 | time 86s/300s
step 1540 | loss 0.1862 | games 98560 | time 87s/300s
step 1550 | loss 0.2207 | games 99200 | time 87s/300s
step 1560 | loss 0.2237 | games 99840 | time 88s/300s
step 1570 | loss 0.2395 | games 100480 | time 88s/300s
step 1580 | loss 0.1993 | games 101120 | time 89s/300s
step 1590 | loss 0.2582 | games 101760 | time 89s/300s
step 1600 | loss 0.2160 | games 102400 | time 90s/300s
step 1610 | loss 0.2270 | games 103040 | time 90s/300s
step 1620 | loss 0.2469 | games 103680 | time 91s/300s
step 1630 | loss 0.3004 | games 104320 | time 91s/300s
step 1640 | loss 0.1659 | games 104960 | time 92s/300s
step 1650 | loss 0.1772 | games 105600 | time 92s/300s
step 1660 | loss 0.2056 | games 106240 | time 93s/300s
step 1670 | loss 0.2045 | games 106880 | time 93s/300s
step 1680 | loss 0.1912 | games 107520 | time 94s/300s
step 1690 | loss 0.1620 | games 108160 | time 94s/300s
step 1700 | loss 0.1641 | games 108800 | time 95s/300s
step 1710 | loss 0.1486 | games 109440 | time 95s/300s
step 1720 | loss 0.1983 | games 110080 | time 95s/300s
step 1730 | loss 0.2105 | games 110720 | time 96s/300s
step 1740 | loss 0.2622 | games 111360 | time 96s/300s
step 1750 | loss 0.2835 | games 112000 | time 97s/300s
step 1760 | loss 0.2595 | games 112640 | time 98s/300s
step 1770 | loss 0.2243 | games 113280 | time 98s/300s
step 1780 | loss 0.2199 | games 113920 | time 99s/300s
step 1790 | loss 0.3067 | games 114560 | time 99s/300s
step 1800 | loss 0.3267 | games 115200 | time 100s/300s
step 1810 | loss 0.2523 | games 115840 | time 100s/300s
step 1820 | loss 0.2408 | games 116480 | time 101s/300s
step 1830 | loss 0.2359 | games 117120 | time 101s/300s
step 1840 | loss 0.2538 | games 117760 | time 102s/300s
step 1850 | loss 0.2643 | games 118400 | time 102s/300s
step 1860 | loss 0.2898 | games 119040 | time 103s/300s
step 1870 | loss 0.3112 | games 119680 | time 103s/300s
step 1880 | loss 0.2931 | games 120320 | time 104s/300s
step 1890 | loss 0.2490 | games 120960 | time 105s/300s
step 1900 | loss 0.2793 | games 121600 | time 105s/300s
step 1910 | loss 0.2605 | games 122240 | time 106s/300s
step 1920 | loss 0.2360 | games 122880 | time 106s/300s
step 1930 | loss 0.2435 | games 123520 | time 107s/300s
step 1940 | loss 0.2586 | games 124160 | time 107s/300s
step 1950 | loss 0.2605 | games 124800 | time 108s/300s
step 1960 | loss 0.2375 | games 125440 | time 108s/300s
step 1970 | loss 0.2616 | games 126080 | time 109s/300s
step 1980 | loss 0.2728 | games 126720 | time 109s/300s
step 1990 | loss 0.2644 | games 127360 | time 110s/300s
step 2000 | loss 0.2872 | games 128000 | time 110s/300s
step 2010 | loss 0.3142 | games 128640 | time 111s/300s
step 2020 | loss 0.3194 | games 129280 | time 111s/300s
step 2030 | loss 0.2821 | games 129920 | time 112s/300s
step 2040 | loss 0.3040 | games 130560 | time 113s/300s
step 2050 | loss 0.3131 | games 131200 | time 113s/300s
step 2060 | loss 0.2844 | games 131840 | time 114s/300s
step 2070 | loss 0.3170 | games 132480 | time 114s/300s
step 2080 | loss 0.3094 | games 133120 | time 115s/300s
step 2090 | loss 0.2601 | games 133760 | time 115s/300s
step 2100 | loss 0.2874 | games 134400 | time 116s/300s
step 2110 | loss 0.2826 | games 135040 | time 116s/300s
step 2120 | loss 0.2541 | games 135680 | time 117s/300s
step 2130 | loss 0.2438 | games 136320 | time 117s/300s
step 2140 | loss 0.2701 | games 136960 | time 118s/300s
step 2150 | loss 0.2671 | games 137600 | time 119s/300s
step 2160 | loss 0.3102 | games 138240 | time 119s/300s
step 2170 | loss 0.2743 | games 138880 | time 120s/300s
step 2180 | loss 0.2803 | games 139520 | time 120s/300s
step 2190 | loss 0.3205 | games 140160 | time 121s/300s
step 2200 | loss 0.3177 | games 140800 | time 121s/300s
step 2210 | loss 0.2826 | games 141440 | time 122s/300s
step 2220 | loss 0.2925 | games 142080 | time 122s/300s
step 2230 | loss 0.3060 | games 142720 | time 123s/300s
step 2240 | loss 0.2948 | games 143360 | time 123s/300s
step 2250 | loss 0.2762 | games 144000 | time 124s/300s
step 2260 | loss 0.3185 | games 144640 | time 124s/300s
step 2270 | loss 0.3314 | games 145280 | time 125s/300s
step 2280 | loss 0.3311 | games 145920 | time 126s/300s
step 2290 | loss 0.3363 | games 146560 | time 126s/300s
step 2300 | loss 0.3172 | games 147200 | time 127s/300s
step 2310 | loss 0.3534 | games 147840 | time 127s/300s
step 2320 | loss 0.3396 | games 148480 | time 128s/300s
step 2330 | loss 0.3010 | games 149120 | time 129s/300s
step 2340 | loss 0.3202 | games 149760 | time 129s/300s
step 2350 | loss 0.3383 | games 150400 | time 130s/300s
step 2360 | loss 0.3049 | games 151040 | time 130s/300s
step 2370 | loss 0.2863 | games 151680 | time 131s/300s
step 2380 | loss 0.2773 | games 152320 | time 131s/300s
step 2390 | loss 0.3053 | games 152960 | time 132s/300s
step 2400 | loss 0.3092 | games 153600 | time 133s/300s
step 2410 | loss 0.2838 | games 154240 | time 133s/300s
step 2420 | loss 0.2843 | games 154880 | time 134s/300s
step 2430 | loss 0.2862 | games 155520 | time 134s/300s
step 2440 | loss 0.2679 | games 156160 | time 135s/300s
step 2450 | loss 0.2379 | games 156800 | time 135s/300s
step 2460 | loss 0.2730 | games 157440 | time 136s/300s
step 2470 | loss 0.2761 | games 158080 | time 136s/300s
step 2480 | loss 0.3074 | games 158720 | time 137s/300s
step 2490 | loss 0.2298 | games 159360 | time 137s/300s
step 2500 | loss 0.2623 | games 160000 | time 138s/300s
step 2510 | loss 0.2680 | games 160640 | time 139s/300s
step 2520 | loss 0.2360 | games 161280 | time 139s/300s
step 2530 | loss 0.2504 | games 161920 | time 140s/300s
step 2540 | loss 0.2301 | games 162560 | time 140s/300s
step 2550 | loss 0.2565 | games 163200 | time 141s/300s
step 2560 | loss 0.2718 | games 163840 | time 141s/300s
step 2570 | loss 0.2753 | games 164480 | time 142s/300s
step 2580 | loss 0.2475 | games 165120 | time 142s/300s
step 2590 | loss 0.2726 | games 165760 | time 143s/300s
step 2600 | loss 0.2604 | games 166400 | time 143s/300s
step 2610 | loss 0.2512 | games 167040 | time 144s/300s
step 2620 | loss 0.2521 | games 167680 | time 145s/300s
step 2630 | loss 0.2462 | games 168320 | time 145s/300s
step 2640 | loss 0.2228 | games 168960 | time 146s/300s
step 2650 | loss 0.2532 | games 169600 | time 146s/300s
step 2660 | loss 0.2322 | games 170240 | time 147s/300s
step 2670 | loss 0.2428 | games 170880 | time 147s/300s
step 2680 | loss 0.2864 | games 171520 | time 148s/300s
step 2690 | loss 0.2712 | games 172160 | time 148s/300s
step 2700 | loss 0.2914 | games 172800 | time 149s/300s
step 2710 | loss 0.2142 | games 173440 | time 149s/300s
step 2720 | loss 0.1465 | games 174080 | time 150s/300s
step 2730 | loss 0.2510 | games 174720 | time 150s/300s
step 2740 | loss 0.2513 | games 175360 | time 151s/300s
step 2750 | loss 0.2475 | games 176000 | time 151s/300s
step 2760 | loss 0.2701 | games 176640 | time 152s/300s
step 2770 | loss 0.2699 | games 177280 | time 153s/300s
step 2780 | loss 0.2465 | games 177920 | time 153s/300s
step 2790 | loss 0.2341 | games 178560 | time 154s/300s
step 2800 | loss 0.2555 | games 179200 | time 154s/300s
step 2810 | loss 0.2546 | games 179840 | time 155s/300s
step 2820 | loss 0.2709 | games 180480 | time 155s/300s
step 2830 | loss 0.2868 | games 181120 | time 156s/300s
step 2840 | loss 0.3053 | games 181760 | time 156s/300s
step 2850 | loss 0.2639 | games 182400 | time 157s/300s
step 2860 | loss 0.2391 | games 183040 | time 157s/300s
step 2870 | loss 0.2288 | games 183680 | time 158s/300s
step 2880 | loss 0.2997 | games 184320 | time 158s/300s
step 2890 | loss 0.2552 | games 184960 | time 159s/300s
step 2900 | loss 0.2770 | games 185600 | time 160s/300s
step 2910 | loss 0.2441 | games 186240 | time 160s/300s
step 2920 | loss 0.2445 | games 186880 | time 161s/300s
step 2930 | loss 0.3046 | games 187520 | time 161s/300s
step 2940 | loss 0.3171 | games 188160 | time 162s/300s
step 2950 | loss 0.2818 | games 188800 | time 162s/300s
step 2960 | loss 0.2629 | games 189440 | time 163s/300s
step 2970 | loss 0.2477 | games 190080 | time 164s/300s
step 2980 | loss 0.2677 | games 190720 | time 164s/300s
step 2990 | loss 0.2637 | games 191360 | time 165s/300s
step 3000 | loss 0.2829 | games 192000 | time 165s/300s
step 3010 | loss 0.2575 | games 192640 | time 166s/300s
step 3020 | loss 0.2981 | games 193280 | time 167s/300s
step 3030 | loss 0.2836 | games 193920 | time 167s/300s
step 3040 | loss 0.2801 | games 194560 | time 168s/300s
step 3050 | loss 0.2878 | games 195200 | time 168s/300s
step 3060 | loss 0.2557 | games 195840 | time 169s/300s
step 3070 | loss 0.2706 | games 196480 | time 170s/300s
step 3080 | loss 0.2829 | games 197120 | time 170s/300s
step 3090 | loss 0.2697 | games 197760 | time 171s/300s
step 3100 | loss 0.2875 | games 198400 | time 171s/300s
step 3110 | loss 0.2861 | games 199040 | time 172s/300s
step 3120 | loss 0.2578 | games 199680 | time 173s/300s
step 3130 | loss 0.2547 | games 200320 | time 173s/300s
step 3140 | loss 0.2765 | games 200960 | time 174s/300s
step 3150 | loss 0.2574 | games 201600 | time 174s/300s
step 3160 | loss 0.2838 | games 202240 | time 175s/300s
step 3170 | loss 0.2863 | games 202880 | time 176s/300s
step 3180 | loss 0.3001 | games 203520 | time 176s/300s
step 3190 | loss 0.2884 | games 204160 | time 177s/300s
step 3200 | loss 0.3093 | games 204800 | time 177s/300s
step 3210 | loss 0.2864 | games 205440 | time 178s/300s
step 3220 | loss 0.2704 | games 206080 | time 179s/300s
step 3230 | loss 0.2589 | games 206720 | time 179s/300s
step 3240 | loss 0.2742 | games 207360 | time 180s/300s
step 3250 | loss 0.2708 | games 208000 | time 180s/300s
step 3260 | loss 0.2540 | games 208640 | time 181s/300s
step 3270 | loss 0.2208 | games 209280 | time 181s/300s
step 3280 | loss 0.2183 | games 209920 | time 182s/300s
step 3290 | loss 0.2198 | games 210560 | time 182s/300s
step 3300 | loss 0.2123 | games 211200 | time 183s/300s
step 3310 | loss 0.2706 | games 211840 | time 184s/300s
step 3320 | loss 0.2935 | games 212480 | time 184s/300s
step 3330 | loss 0.2401 | games 213120 | time 185s/300s
step 3340 | loss 0.2127 | games 213760 | time 185s/300s
step 3350 | loss 0.1470 | games 214400 | time 185s/300s
step 3360 | loss 0.1719 | games 215040 | time 186s/300s
step 3370 | loss 0.1352 | games 215680 | time 186s/300s
step 3380 | loss 0.1362 | games 216320 | time 187s/300s
step 3390 | loss 0.1695 | games 216960 | time 187s/300s
step 3400 | loss 0.1661 | games 217600 | time 188s/300s
step 3410 | loss 0.2052 | games 218240 | time 188s/300s
step 3420 | loss 0.1962 | games 218880 | time 189s/300s
step 3430 | loss 0.2186 | games 219520 | time 189s/300s
step 3440 | loss 0.1854 | games 220160 | time 190s/300s
step 3450 | loss 0.2329 | games 220800 | time 190s/300s
step 3460 | loss 0.2172 | games 221440 | time 191s/300s
step 3470 | loss 0.2551 | games 222080 | time 191s/300s
step 3480 | loss 0.2332 | games 222720 | time 192s/300s
step 3490 | loss 0.2214 | games 223360 | time 193s/300s
step 3500 | loss 0.2057 | games 224000 | time 193s/300s
step 3510 | loss 0.2170 | games 224640 | time 194s/300s
step 3520 | loss 0.2352 | games 225280 | time 194s/300s
step 3530 | loss 0.2328 | games 225920 | time 195s/300s
step 3540 | loss 0.2457 | games 226560 | time 195s/300s
step 3550 | loss 0.3105 | games 227200 | time 196s/300s
step 3560 | loss 0.2756 | games 227840 | time 196s/300s
step 3570 | loss 0.2712 | games 228480 | time 197s/300s
step 3580 | loss 0.2195 | games 229120 | time 198s/300s
step 3590 | loss 0.2377 | games 229760 | time 198s/300s
step 3600 | loss 0.2771 | games 230400 | time 199s/300s
step 3610 | loss 0.2770 | games 231040 | time 200s/300s
step 3620 | loss 0.3139 | games 231680 | time 200s/300s
step 3630 | loss 0.3280 | games 232320 | time 201s/300s
step 3640 | loss 0.3142 | games 232960 | time 201s/300s
step 3650 | loss 0.3005 | games 233600 | time 202s/300s
step 3660 | loss 0.2911 | games 234240 | time 203s/300s
step 3670 | loss 0.2867 | games 234880 | time 203s/300s
step 3680 | loss 0.2688 | games 235520 | time 204s/300s
step 3690 | loss 0.2379 | games 236160 | time 204s/300s
step 3700 | loss 0.2251 | games 236800 | time 205s/300s
step 3710 | loss 0.2517 | games 237440 | time 205s/300s
step 3720 | loss 0.2718 | games 238080 | time 206s/300s
step 3730 | loss 0.3019 | games 238720 | time 207s/300s
step 3740 | loss 0.2321 | games 239360 | time 207s/300s
step 3750 | loss 0.2430 | games 240000 | time 208s/300s
step 3760 | loss 0.2368 | games 240640 | time 208s/300s
step 3770 | loss 0.2459 | games 241280 | time 209s/300s
step 3780 | loss 0.2517 | games 241920 | time 210s/300s
step 3790 | loss 0.2733 | games 242560 | time 210s/300s
step 3800 | loss 0.2788 | games 243200 | time 211s/300s
step 3810 | loss 0.2957 | games 243840 | time 211s/300s
step 3820 | loss 0.2661 | games 244480 | time 212s/300s
step 3830 | loss 0.2576 | games 245120 | time 213s/300s
step 3840 | loss 0.2552 | games 245760 | time 213s/300s
step 3850 | loss 0.2409 | games 246400 | time 214s/300s
step 3860 | loss 0.2498 | games 247040 | time 214s/300s
step 3870 | loss 0.2501 | games 247680 | time 215s/300s
step 3880 | loss 0.2563 | games 248320 | time 215s/300s
step 3890 | loss 0.2543 | games 248960 | time 216s/300s
step 3900 | loss 0.2378 | games 249600 | time 216s/300s
step 3910 | loss 0.2425 | games 250240 | time 217s/300s
step 3920 | loss 0.2607 | games 250880 | time 217s/300s
step 3930 | loss 0.2498 | games 251520 | time 218s/300s
step 3940 | loss 0.2777 | games 252160 | time 219s/300s
step 3950 | loss 0.2465 | games 252800 | time 219s/300s
step 3960 | loss 0.2385 | games 253440 | time 220s/300s
step 3970 | loss 0.2628 | games 254080 | time 220s/300s
step 3980 | loss 0.2736 | games 254720 | time 221s/300s
step 3990 | loss 0.2446 | games 255360 | time 221s/300s
step 4000 | loss 0.2026 | games 256000 | time 222s/300s
step 4010 | loss 0.1758 | games 256640 | time 222s/300s
step 4020 | loss 0.2485 | games 257280 | time 223s/300s
step 4030 | loss 0.2432 | games 257920 | time 224s/300s
step 4040 | loss 0.2124 | games 258560 | time 224s/300s
step 4050 | loss 0.2305 | games 259200 | time 225s/300s
step 4060 | loss 0.2182 | games 259840 | time 225s/300s
step 4070 | loss 0.2081 | games 260480 | time 226s/300s
step 4080 | loss 0.2485 | games 261120 | time 226s/300s
step 4090 | loss 0.2789 | games 261760 | time 227s/300s
step 4100 | loss 0.2687 | games 262400 | time 227s/300s
step 4110 | loss 0.2743 | games 263040 | time 228s/300s
step 4120 | loss 0.2917 | games 263680 | time 229s/300s
step 4130 | loss 0.2887 | games 264320 | time 229s/300s
step 4140 | loss 0.2445 | games 264960 | time 230s/300s
step 4150 | loss 0.2905 | games 265600 | time 230s/300s
step 4160 | loss 0.2906 | games 266240 | time 231s/300s
step 4170 | loss 0.2765 | games 266880 | time 231s/300s
step 4180 | loss 0.3029 | games 267520 | time 232s/300s
step 4190 | loss 0.3226 | games 268160 | time 233s/300s
step 4200 | loss 0.3258 | games 268800 | time 233s/300s
step 4210 | loss 0.3432 | games 269440 | time 234s/300s
step 4220 | loss 0.3051 | games 270080 | time 234s/300s
step 4230 | loss 0.2599 | games 270720 | time 235s/300s
step 4240 | loss 0.2869 | games 271360 | time 236s/300s
step 4250 | loss 0.3045 | games 272000 | time 236s/300s
step 4260 | loss 0.3027 | games 272640 | time 237s/300s
step 4270 | loss 0.2833 | games 273280 | time 237s/300s
step 4280 | loss 0.3160 | games 273920 | time 238s/300s
step 4290 | loss 0.2925 | games 274560 | time 239s/300s
step 4300 | loss 0.2787 | games 275200 | time 239s/300s
step 4310 | loss 0.2786 | games 275840 | time 240s/300s
step 4320 | loss 0.2688 | games 276480 | time 240s/300s
step 4330 | loss 0.2780 | games 277120 | time 241s/300s
step 4340 | loss 0.2680 | games 277760 | time 241s/300s
step 4350 | loss 0.2264 | games 278400 | time 242s/300s
step 4360 | loss 0.2575 | games 279040 | time 243s/300s
step 4370 | loss 0.2881 | games 279680 | time 243s/300s
step 4380 | loss 0.2970 | games 280320 | time 244s/300s
step 4390 | loss 0.2629 | games 280960 | time 245s/300s
step 4400 | loss 0.2750 | games 281600 | time 245s/300s
step 4410 | loss 0.2726 | games 282240 | time 246s/300s
step 4420 | loss 0.2867 | games 282880 | time 246s/300s
step 4430 | loss 0.2847 | games 283520 | time 247s/300s
step 4440 | loss 0.2660 | games 284160 | time 248s/300s
step 4450 | loss 0.2586 | games 284800 | time 248s/300s
step 4460 | loss 0.2526 | games 285440 | time 249s/300s
step 4470 | loss 0.2709 | games 286080 | time 249s/300s
step 4480 | loss 0.2643 | games 286720 | time 250s/300s
step 4490 | loss 0.2744 | games 287360 | time 250s/300s
step 4500 | loss 0.2665 | games 288000 | time 251s/300s
step 4510 | loss 0.2488 | games 288640 | time 252s/300s
step 4520 | loss 0.2115 | games 289280 | time 252s/300s
step 4530 | loss 0.2358 | games 289920 | time 253s/300s
step 4540 | loss 0.2591 | games 290560 | time 253s/300s
step 4550 | loss 0.2766 | games 291200 | time 254s/300s
step 4560 | loss 0.2560 | games 291840 | time 255s/300s
step 4570 | loss 0.2277 | games 292480 | time 255s/300s
step 4580 | loss 0.2437 | games 293120 | time 256s/300s
step 4590 | loss 0.2395 | games 293760 | time 256s/300s
step 4600 | loss 0.2208 | games 294400 | time 257s/300s
step 4610 | loss 0.2452 | games 295040 | time 257s/300s
step 4620 | loss 0.2546 | games 295680 | time 258s/300s
step 4630 | loss 0.2633 | games 296320 | time 258s/300s
step 4640 | loss 0.2627 | games 296960 | time 259s/300s
step 4650 | loss 0.2358 | games 297600 | time 260s/300s
step 4660 | loss 0.2379 | games 298240 | time 260s/300s
step 4670 | loss 0.2503 | games 298880 | time 261s/300s
step 4680 | loss 0.2642 | games 299520 | time 261s/300s
step 4690 | loss 0.2846 | games 300160 | time 262s/300s
step 4700 | loss 0.2398 | games 300800 | time 262s/300s
step 4710 | loss 0.2800 | games 301440 | time 263s/300s
step 4720 | loss 0.2327 | games 302080 | time 264s/300s
step 4730 | loss 0.2859 | games 302720 | time 264s/300s
step 4740 | loss 0.2630 | games 303360 | time 265s/300s
step 4750 | loss 0.2600 | games 304000 | time 265s/300s
step 4760 | loss 0.2385 | games 304640 | time 266s/300s
step 4770 | loss 0.2519 | games 305280 | time 266s/300s
step 4780 | loss 0.2691 | games 305920 | time 267s/300s
step 4790 | loss 0.2677 | games 306560 | time 268s/300s
step 4800 | loss 0.2535 | games 307200 | time 268s/300s
step 4810 | loss 0.2199 | games 307840 | time 269s/300s
step 4820 | loss 0.2643 | games 308480 | time 269s/300s
step 4830 | loss 0.2649 | games 309120 | time 270s/300s
step 4840 | loss 0.2732 | games 309760 | time 271s/300s
step 4850 | loss 0.2815 | games 310400 | time 271s/300s
step 4860 | loss 0.2367 | games 311040 | time 272s/300s
step 4870 | loss 0.2591 | games 311680 | time 272s/300s
step 4880 | loss 0.2677 | games 312320 | time 273s/300s
step 4890 | loss 0.2520 | games 312960 | time 273s/300s
step 4900 | loss 0.2410 | games 313600 | time 274s/300s
step 4910 | loss 0.2567 | games 314240 | time 275s/300s
step 4920 | loss 0.2497 | games 314880 | time 275s/300s
step 4930 | loss 0.2259 | games 315520 | time 276s/300s
step 4940 | loss 0.2490 | games 316160 | time 276s/300s
step 4950 | loss 0.2439 | games 316800 | time 277s/300s
step 4960 | loss 0.2893 | games 317440 | time 278s/300s
step 4970 | loss 0.2486 | games 318080 | time 278s/300s
step 4980 | loss 0.2554 | games 318720 | time 279s/300s
step 4990 | loss 0.2989 | games 319360 | time 279s/300s
step 5000 | loss 0.2679 | games 320000 | time 280s/300s
step 5010 | loss 0.2923 | games 320640 | time 281s/300s
step 5020 | loss 0.2807 | games 321280 | time 281s/300s
step 5030 | loss 0.2687 | games 321920 | time 282s/300s
step 5040 | loss 0.2687 | games 322560 | time 283s/300s
step 5050 | loss 0.2587 | games 323200 | time 283s/300s
step 5060 | loss 0.2591 | games 323840 | time 284s/300s
step 5070 | loss 0.2586 | games 324480 | time 284s/300s
step 5080 | loss 0.2668 | games 325120 | time 285s/300s
step 5090 | loss 0.2513 | games 325760 | time 286s/300s
step 5100 | loss 0.2503 | games 326400 | time 286s/300s
step 5110 | loss 0.2793 | games 327040 | time 287s/300s
step 5120 | loss 0.2561 | games 327680 | time 287s/300s
step 5130 | loss 0.2470 | games 328320 | time 288s/300s
step 5140 | loss 0.2602 | games 328960 | time 289s/300s
step 5150 | loss 0.2413 | games 329600 | time 289s/300s
step 5160 | loss 0.2362 | games 330240 | time 290s/300s
step 5170 | loss 0.2487 | games 330880 | time 290s/300s
step 5180 | loss 0.2525 | games 331520 | time 291s/300s
step 5190 | loss 0.2455 | games 332160 | time 291s/300s
step 5200 | loss 0.2511 | games 332800 | time 292s/300s
step 5210 | loss 0.2313 | games 333440 | time 293s/300s
step 5220 | loss 0.2255 | games 334080 | time 293s/300s
step 5230 | loss 0.2473 | games 334720 | time 294s/300s
step 5240 | loss 0.2533 | games 335360 | time 294s/300s
step 5250 | loss 0.2628 | games 336000 | time 295s/300s
step 5260 | loss 0.2465 | games 336640 | time 295s/300s
step 5270 | loss 0.2219 | games 337280 | time 296s/300s
step 5280 | loss 0.2484 | games 337920 | time 297s/300s
step 5290 | loss 0.2466 | games 338560 | time 297s/300s
step 5300 | loss 0.2503 | games 339200 | time 298s/300s
step 5310 | loss 0.2521 | games 339840 | time 298s/300s
step 5320 | loss 0.2653 | games 340480 | time 299s/300s
step 5330 | loss 0.2844 | games 341120 | time 300s/300s

Training complete: 5338 steps, 341632 games, 300.0s

Evaluating against opponent suite...

Per-opponent results:
  random         : 1.000 win_rate (100W 0L 0D / 100)
  one_step       : 1.000 win_rate (100W 0L 0D / 100)
  minimax_d3     : 0.000 win_rate (0W 100L 0D / 100)
  minimax_d5     : 0.500 win_rate (50W 50L 0D / 100)

---
win_rate:          0.461538
training_seconds:  300.0
total_seconds:     353.6
eval_seconds:      52.6
peak_vram_mb:      95.3
total_games:       341632
num_steps:         5338
num_params:        764872
conv_layers:       3
conv_channels:     64
fc_hidden:         128
entropy_coef:      0.03
