Device: cuda
Model parameters: 764,872
Time budget: 300s
Self-play ratio: 0.7
Exploration rate: 0.15
Entropy coef: 0.03
Games per batch: 64

step   10 | loss 0.4688 | games   640 | time 1s/300s
step   20 | loss 0.4014 | games  1280 | time 2s/300s
step   30 | loss 0.3529 | games  1920 | time 3s/300s
step   40 | loss 0.3471 | games  2560 | time 3s/300s
step   50 | loss 0.3627 | games  3200 | time 4s/300s
step   60 | loss 0.3063 | games  3840 | time 5s/300s
step   70 | loss 0.3610 | games  4480 | time 5s/300s
step   80 | loss 0.3523 | games  5120 | time 6s/300s
step   90 | loss 0.3636 | games  5760 | time 7s/300s
step  100 | loss 0.3045 | games  6400 | time 8s/300s
step  110 | loss 0.3173 | games  7040 | time 9s/300s
step  120 | loss 0.3648 | games  7680 | time 9s/300s
step  130 | loss 0.2805 | games  8320 | time 10s/300s
step  140 | loss 0.3135 | games  8960 | time 11s/300s
step  150 | loss 0.2988 | games  9600 | time 11s/300s
step  160 | loss 0.3277 | games 10240 | time 12s/300s
step  170 | loss 0.3138 | games 10880 | time 13s/300s
step  180 | loss 0.3649 | games 11520 | time 13s/300s
step  190 | loss 0.2946 | games 12160 | time 14s/300s
step  200 | loss 0.2738 | games 12800 | time 14s/300s
step  210 | loss 0.2967 | games 13440 | time 15s/300s
step  220 | loss 0.3122 | games 14080 | time 16s/300s
step  230 | loss 0.2928 | games 14720 | time 16s/300s
step  240 | loss 0.3163 | games 15360 | time 17s/300s
step  250 | loss 0.3044 | games 16000 | time 17s/300s
step  260 | loss 0.2943 | games 16640 | time 18s/300s
step  270 | loss 0.3411 | games 17280 | time 19s/300s
step  280 | loss 0.3173 | games 17920 | time 19s/300s
step  290 | loss 0.3248 | games 18560 | time 20s/300s
step  300 | loss 0.2760 | games 19200 | time 21s/300s
step  310 | loss 0.2820 | games 19840 | time 21s/300s
step  320 | loss 0.3147 | games 20480 | time 22s/300s
step  330 | loss 0.3181 | games 21120 | time 23s/300s
step  340 | loss 0.2981 | games 21760 | time 23s/300s
step  350 | loss 0.3286 | games 22400 | time 24s/300s
step  360 | loss 0.3052 | games 23040 | time 25s/300s
step  370 | loss 0.3086 | games 23680 | time 25s/300s
step  380 | loss 0.3014 | games 24320 | time 26s/300s
step  390 | loss 0.3136 | games 24960 | time 26s/300s
step  400 | loss 0.3277 | games 25600 | time 27s/300s
step  410 | loss 0.3628 | games 26240 | time 28s/300s
step  420 | loss 0.3516 | games 26880 | time 28s/300s
step  430 | loss 0.3245 | games 27520 | time 29s/300s
step  440 | loss 0.3277 | games 28160 | time 30s/300s
step  450 | loss 0.3634 | games 28800 | time 30s/300s
step  460 | loss 0.3598 | games 29440 | time 31s/300s
step  470 | loss 0.3283 | games 30080 | time 32s/300s
step  480 | loss 0.3186 | games 30720 | time 32s/300s
step  490 | loss 0.3092 | games 31360 | time 33s/300s
step  500 | loss 0.2955 | games 32000 | time 33s/300s
step  510 | loss 0.3378 | games 32640 | time 34s/300s
step  520 | loss 0.3126 | games 33280 | time 35s/300s
step  530 | loss 0.3155 | games 33920 | time 35s/300s
step  540 | loss 0.3356 | games 34560 | time 36s/300s
step  550 | loss 0.3563 | games 35200 | time 37s/300s
step  560 | loss 0.3673 | games 35840 | time 37s/300s
step  570 | loss 0.3338 | games 36480 | time 38s/300s
step  580 | loss 0.3882 | games 37120 | time 38s/300s
step  590 | loss 0.3594 | games 37760 | time 39s/300s
step  600 | loss 0.3434 | games 38400 | time 40s/300s
step  610 | loss 0.3286 | games 39040 | time 40s/300s
step  620 | loss 0.3401 | games 39680 | time 41s/300s
step  630 | loss 0.3039 | games 40320 | time 41s/300s
step  640 | loss 0.2857 | games 40960 | time 42s/300s
step  650 | loss 0.3057 | games 41600 | time 43s/300s
step  660 | loss 0.3157 | games 42240 | time 43s/300s
step  670 | loss 0.2957 | games 42880 | time 44s/300s
step  680 | loss 0.3107 | games 43520 | time 45s/300s
step  690 | loss 0.3111 | games 44160 | time 45s/300s
step  700 | loss 0.2754 | games 44800 | time 46s/300s
step  710 | loss 0.2794 | games 45440 | time 47s/300s
step  720 | loss 0.2970 | games 46080 | time 47s/300s
step  730 | loss 0.3160 | games 46720 | time 48s/300s
step  740 | loss 0.3198 | games 47360 | time 49s/300s
step  750 | loss 0.3331 | games 48000 | time 50s/300s
step  760 | loss 0.3126 | games 48640 | time 51s/300s
step  770 | loss 0.3265 | games 49280 | time 52s/300s
step  780 | loss 0.3249 | games 49920 | time 53s/300s
step  790 | loss 0.2948 | games 50560 | time 53s/300s
step  800 | loss 0.3209 | games 51200 | time 54s/300s
step  810 | loss 0.3089 | games 51840 | time 55s/300s
step  820 | loss 0.3056 | games 52480 | time 56s/300s
step  830 | loss 0.3121 | games 53120 | time 56s/300s
step  840 | loss 0.3298 | games 53760 | time 57s/300s
step  850 | loss 0.3159 | games 54400 | time 58s/300s
step  860 | loss 0.2856 | games 55040 | time 58s/300s
step  870 | loss 0.2999 | games 55680 | time 59s/300s
step  880 | loss 0.3066 | games 56320 | time 60s/300s
step  890 | loss 0.3019 | games 56960 | time 61s/300s
step  900 | loss 0.3122 | games 57600 | time 61s/300s
step  910 | loss 0.3066 | games 58240 | time 62s/300s
step  920 | loss 0.2727 | games 58880 | time 63s/300s
step  930 | loss 0.2832 | games 59520 | time 63s/300s
step  940 | loss 0.3121 | games 60160 | time 64s/300s
step  950 | loss 0.3300 | games 60800 | time 64s/300s
step  960 | loss 0.3445 | games 61440 | time 65s/300s
step  970 | loss 0.3229 | games 62080 | time 66s/300s
step  980 | loss 0.3087 | games 62720 | time 66s/300s
step  990 | loss 0.3002 | games 63360 | time 67s/300s
step 1000 | loss 0.3275 | games 64000 | time 67s/300s
step 1010 | loss 0.3338 | games 64640 | time 68s/300s
step 1020 | loss 0.3298 | games 65280 | time 69s/300s
step 1030 | loss 0.3216 | games 65920 | time 69s/300s
step 1040 | loss 0.2896 | games 66560 | time 70s/300s
step 1050 | loss 0.2858 | games 67200 | time 71s/300s
step 1060 | loss 0.2609 | games 67840 | time 71s/300s
step 1070 | loss 0.3082 | games 68480 | time 72s/300s
step 1080 | loss 0.3138 | games 69120 | time 72s/300s
step 1090 | loss 0.3407 | games 69760 | time 73s/300s
step 1100 | loss 0.3222 | games 70400 | time 74s/300s
step 1110 | loss 0.3346 | games 71040 | time 74s/300s
step 1120 | loss 0.3095 | games 71680 | time 75s/300s
step 1130 | loss 0.3304 | games 72320 | time 75s/300s
step 1140 | loss 0.3075 | games 72960 | time 76s/300s
step 1150 | loss 0.3128 | games 73600 | time 77s/300s
step 1160 | loss 0.3145 | games 74240 | time 77s/300s
step 1170 | loss 0.3405 | games 74880 | time 78s/300s
step 1180 | loss 0.3114 | games 75520 | time 78s/300s
step 1190 | loss 0.3063 | games 76160 | time 79s/300s
step 1200 | loss 0.3433 | games 76800 | time 80s/300s
step 1210 | loss 0.3300 | games 77440 | time 81s/300s
step 1220 | loss 0.3314 | games 78080 | time 81s/300s
step 1230 | loss 0.3372 | games 78720 | time 82s/300s
step 1240 | loss 0.3143 | games 79360 | time 82s/300s
step 1250 | loss 0.2995 | games 80000 | time 83s/300s
step 1260 | loss 0.3177 | games 80640 | time 84s/300s
step 1270 | loss 0.3116 | games 81280 | time 84s/300s
step 1280 | loss 0.3098 | games 81920 | time 85s/300s
step 1290 | loss 0.3556 | games 82560 | time 86s/300s
step 1300 | loss 0.3382 | games 83200 | time 86s/300s
step 1310 | loss 0.3523 | games 83840 | time 87s/300s
step 1320 | loss 0.3555 | games 84480 | time 87s/300s
step 1330 | loss 0.3402 | games 85120 | time 88s/300s
step 1340 | loss 0.3318 | games 85760 | time 88s/300s
step 1350 | loss 0.3057 | games 86400 | time 89s/300s
step 1360 | loss 0.3551 | games 87040 | time 90s/300s
step 1370 | loss 0.2776 | games 87680 | time 90s/300s
step 1380 | loss 0.2861 | games 88320 | time 91s/300s
step 1390 | loss 0.2441 | games 88960 | time 92s/300s
step 1400 | loss 0.2735 | games 89600 | time 92s/300s
step 1410 | loss 0.2735 | games 90240 | time 93s/300s
step 1420 | loss 0.3313 | games 90880 | time 93s/300s
step 1430 | loss 0.3097 | games 91520 | time 94s/300s
step 1440 | loss 0.3038 | games 92160 | time 95s/300s
step 1450 | loss 0.3354 | games 92800 | time 95s/300s
step 1460 | loss 0.3119 | games 93440 | time 96s/300s
step 1470 | loss 0.3277 | games 94080 | time 97s/300s
step 1480 | loss 0.3065 | games 94720 | time 97s/300s
step 1490 | loss 0.2919 | games 95360 | time 98s/300s
step 1500 | loss 0.2794 | games 96000 | time 98s/300s
step 1510 | loss 0.2963 | games 96640 | time 99s/300s
step 1520 | loss 0.3102 | games 97280 | time 100s/300s
step 1530 | loss 0.2998 | games 97920 | time 100s/300s
step 1540 | loss 0.2859 | games 98560 | time 101s/300s
step 1550 | loss 0.3038 | games 99200 | time 101s/300s
step 1560 | loss 0.2487 | games 99840 | time 102s/300s
step 1570 | loss 0.3398 | games 100480 | time 103s/300s
step 1580 | loss 0.3008 | games 101120 | time 103s/300s
step 1590 | loss 0.2934 | games 101760 | time 104s/300s
step 1600 | loss 0.2607 | games 102400 | time 105s/300s
step 1610 | loss 0.2577 | games 103040 | time 106s/300s
step 1620 | loss 0.2806 | games 103680 | time 107s/300s
step 1630 | loss 0.2789 | games 104320 | time 108s/300s
step 1640 | loss 0.2755 | games 104960 | time 108s/300s
step 1650 | loss 0.3002 | games 105600 | time 109s/300s
step 1660 | loss 0.2983 | games 106240 | time 110s/300s
step 1670 | loss 0.3180 | games 106880 | time 111s/300s
step 1680 | loss 0.3083 | games 107520 | time 111s/300s
step 1690 | loss 0.2908 | games 108160 | time 112s/300s
step 1700 | loss 0.3158 | games 108800 | time 113s/300s
step 1710 | loss 0.3109 | games 109440 | time 114s/300s
step 1720 | loss 0.3139 | games 110080 | time 114s/300s
step 1730 | loss 0.3779 | games 110720 | time 115s/300s
step 1740 | loss 0.3611 | games 111360 | time 116s/300s
step 1750 | loss 0.3132 | games 112000 | time 116s/300s
step 1760 | loss 0.3032 | games 112640 | time 117s/300s
step 1770 | loss 0.2924 | games 113280 | time 118s/300s
step 1780 | loss 0.2714 | games 113920 | time 118s/300s
step 1790 | loss 0.3127 | games 114560 | time 119s/300s
step 1800 | loss 0.2986 | games 115200 | time 120s/300s
step 1810 | loss 0.2961 | games 115840 | time 120s/300s
step 1820 | loss 0.2928 | games 116480 | time 121s/300s
step 1830 | loss 0.2994 | games 117120 | time 122s/300s
step 1840 | loss 0.3141 | games 117760 | time 122s/300s
step 1850 | loss 0.2879 | games 118400 | time 123s/300s
step 1860 | loss 0.2624 | games 119040 | time 123s/300s
step 1870 | loss 0.2677 | games 119680 | time 124s/300s
step 1880 | loss 0.2928 | games 120320 | time 125s/300s
step 1890 | loss 0.2705 | games 120960 | time 125s/300s
step 1900 | loss 0.2756 | games 121600 | time 126s/300s
step 1910 | loss 0.2963 | games 122240 | time 126s/300s
step 1920 | loss 0.2834 | games 122880 | time 127s/300s
step 1930 | loss 0.3447 | games 123520 | time 128s/300s
step 1940 | loss 0.3005 | games 124160 | time 128s/300s
step 1950 | loss 0.3043 | games 124800 | time 129s/300s
step 1960 | loss 0.2722 | games 125440 | time 129s/300s
step 1970 | loss 0.3070 | games 126080 | time 130s/300s
step 1980 | loss 0.2208 | games 126720 | time 131s/300s
step 1990 | loss 0.2781 | games 127360 | time 131s/300s
step 2000 | loss 0.3105 | games 128000 | time 132s/300s
step 2010 | loss 0.3164 | games 128640 | time 133s/300s
step 2020 | loss 0.3057 | games 129280 | time 133s/300s
step 2030 | loss 0.3353 | games 129920 | time 134s/300s
step 2040 | loss 0.2976 | games 130560 | time 134s/300s
step 2050 | loss 0.2999 | games 131200 | time 135s/300s
step 2060 | loss 0.2781 | games 131840 | time 136s/300s
step 2070 | loss 0.3054 | games 132480 | time 136s/300s
step 2080 | loss 0.2980 | games 133120 | time 137s/300s
step 2090 | loss 0.3334 | games 133760 | time 137s/300s
step 2100 | loss 0.2839 | games 134400 | time 138s/300s
step 2110 | loss 0.3014 | games 135040 | time 138s/300s
step 2120 | loss 0.2924 | games 135680 | time 139s/300s
step 2130 | loss 0.2784 | games 136320 | time 140s/300s
step 2140 | loss 0.2862 | games 136960 | time 140s/300s
step 2150 | loss 0.3064 | games 137600 | time 141s/300s
step 2160 | loss 0.3148 | games 138240 | time 142s/300s
step 2170 | loss 0.3254 | games 138880 | time 142s/300s
step 2180 | loss 0.2964 | games 139520 | time 143s/300s
step 2190 | loss 0.3133 | games 140160 | time 143s/300s
step 2200 | loss 0.3142 | games 140800 | time 144s/300s
step 2210 | loss 0.2956 | games 141440 | time 145s/300s
step 2220 | loss 0.2948 | games 142080 | time 145s/300s
step 2230 | loss 0.2938 | games 142720 | time 146s/300s
step 2240 | loss 0.2710 | games 143360 | time 146s/300s
step 2250 | loss 0.2973 | games 144000 | time 147s/300s
step 2260 | loss 0.2905 | games 144640 | time 148s/300s
step 2270 | loss 0.2835 | games 145280 | time 148s/300s
step 2280 | loss 0.2678 | games 145920 | time 149s/300s
step 2290 | loss 0.2440 | games 146560 | time 149s/300s
step 2300 | loss 0.2913 | games 147200 | time 150s/300s
step 2310 | loss 0.3003 | games 147840 | time 151s/300s
step 2320 | loss 0.2685 | games 148480 | time 151s/300s
step 2330 | loss 0.2599 | games 149120 | time 152s/300s
step 2340 | loss 0.3030 | games 149760 | time 152s/300s
step 2350 | loss 0.2987 | games 150400 | time 153s/300s
step 2360 | loss 0.3211 | games 151040 | time 154s/300s
step 2370 | loss 0.3334 | games 151680 | time 154s/300s
step 2380 | loss 0.3537 | games 152320 | time 155s/300s
step 2390 | loss 0.3351 | games 152960 | time 156s/300s
step 2400 | loss 0.3148 | games 153600 | time 156s/300s
step 2410 | loss 0.2963 | games 154240 | time 157s/300s
step 2420 | loss 0.2929 | games 154880 | time 158s/300s
step 2430 | loss 0.3031 | games 155520 | time 158s/300s
step 2440 | loss 0.3293 | games 156160 | time 159s/300s
step 2450 | loss 0.3272 | games 156800 | time 159s/300s
step 2460 | loss 0.3338 | games 157440 | time 160s/300s
step 2470 | loss 0.3229 | games 158080 | time 161s/300s
step 2480 | loss 0.3524 | games 158720 | time 161s/300s
step 2490 | loss 0.2841 | games 159360 | time 162s/300s
step 2500 | loss 0.3038 | games 160000 | time 163s/300s
step 2510 | loss 0.2958 | games 160640 | time 163s/300s
step 2520 | loss 0.3081 | games 161280 | time 164s/300s
step 2530 | loss 0.3247 | games 161920 | time 165s/300s
step 2540 | loss 0.3521 | games 162560 | time 165s/300s
step 2550 | loss 0.3344 | games 163200 | time 166s/300s
step 2560 | loss 0.3003 | games 163840 | time 166s/300s
step 2570 | loss 0.2978 | games 164480 | time 167s/300s
step 2580 | loss 0.2946 | games 165120 | time 167s/300s
step 2590 | loss 0.3021 | games 165760 | time 168s/300s
step 2600 | loss 0.3136 | games 166400 | time 169s/300s
step 2610 | loss 0.3243 | games 167040 | time 169s/300s
step 2620 | loss 0.3101 | games 167680 | time 170s/300s
step 2630 | loss 0.3256 | games 168320 | time 170s/300s
step 2640 | loss 0.3179 | games 168960 | time 171s/300s
step 2650 | loss 0.3147 | games 169600 | time 172s/300s
step 2660 | loss 0.3450 | games 170240 | time 172s/300s
step 2670 | loss 0.3277 | games 170880 | time 173s/300s
step 2680 | loss 0.3222 | games 171520 | time 173s/300s
step 2690 | loss 0.3228 | games 172160 | time 174s/300s
step 2700 | loss 0.3200 | games 172800 | time 175s/300s
step 2710 | loss 0.2974 | games 173440 | time 175s/300s
step 2720 | loss 0.3200 | games 174080 | time 176s/300s
step 2730 | loss 0.3227 | games 174720 | time 176s/300s
step 2740 | loss 0.3047 | games 175360 | time 177s/300s
step 2750 | loss 0.2575 | games 176000 | time 177s/300s
step 2760 | loss 0.2817 | games 176640 | time 178s/300s
step 2770 | loss 0.3355 | games 177280 | time 178s/300s
step 2780 | loss 0.3413 | games 177920 | time 179s/300s
step 2790 | loss 0.3237 | games 178560 | time 180s/300s
step 2800 | loss 0.3249 | games 179200 | time 180s/300s
step 2810 | loss 0.3229 | games 179840 | time 181s/300s
step 2820 | loss 0.3173 | games 180480 | time 181s/300s
step 2830 | loss 0.2869 | games 181120 | time 182s/300s
step 2840 | loss 0.2907 | games 181760 | time 183s/300s
step 2850 | loss 0.2605 | games 182400 | time 183s/300s
step 2860 | loss 0.2628 | games 183040 | time 184s/300s
step 2870 | loss 0.2720 | games 183680 | time 184s/300s
step 2880 | loss 0.2912 | games 184320 | time 185s/300s
step 2890 | loss 0.2481 | games 184960 | time 185s/300s
step 2900 | loss 0.2880 | games 185600 | time 186s/300s
step 2910 | loss 0.2490 | games 186240 | time 187s/300s
step 2920 | loss 0.2772 | games 186880 | time 187s/300s
step 2930 | loss 0.2779 | games 187520 | time 188s/300s
step 2940 | loss 0.2966 | games 188160 | time 188s/300s
step 2950 | loss 0.2947 | games 188800 | time 189s/300s
step 2960 | loss 0.3049 | games 189440 | time 189s/300s
step 2970 | loss 0.3048 | games 190080 | time 190s/300s
step 2980 | loss 0.3220 | games 190720 | time 191s/300s
step 2990 | loss 0.2567 | games 191360 | time 191s/300s
step 3000 | loss 0.2899 | games 192000 | time 192s/300s
step 3010 | loss 0.2412 | games 192640 | time 192s/300s
step 3020 | loss 0.2158 | games 193280 | time 193s/300s
step 3030 | loss 0.2155 | games 193920 | time 193s/300s
step 3040 | loss 0.2064 | games 194560 | time 194s/300s
step 3050 | loss 0.2237 | games 195200 | time 194s/300s
step 3060 | loss 0.2446 | games 195840 | time 195s/300s
step 3070 | loss 0.2203 | games 196480 | time 195s/300s
step 3080 | loss 0.2361 | games 197120 | time 196s/300s
step 3090 | loss 0.2469 | games 197760 | time 196s/300s
step 3100 | loss 0.2428 | games 198400 | time 197s/300s
step 3110 | loss 0.2415 | games 199040 | time 198s/300s
step 3120 | loss 0.2705 | games 199680 | time 198s/300s
step 3130 | loss 0.2013 | games 200320 | time 198s/300s
step 3140 | loss 0.2103 | games 200960 | time 199s/300s
step 3150 | loss 0.2142 | games 201600 | time 199s/300s
step 3160 | loss 0.2395 | games 202240 | time 200s/300s
step 3170 | loss 0.2015 | games 202880 | time 200s/300s
step 3180 | loss 0.2354 | games 203520 | time 201s/300s
step 3190 | loss 0.2423 | games 204160 | time 202s/300s
step 3200 | loss 0.2880 | games 204800 | time 202s/300s
step 3210 | loss 0.2746 | games 205440 | time 203s/300s
step 3220 | loss 0.3044 | games 206080 | time 203s/300s
step 3230 | loss 0.2966 | games 206720 | time 204s/300s
step 3240 | loss 0.3263 | games 207360 | time 205s/300s
step 3250 | loss 0.3012 | games 208000 | time 205s/300s
step 3260 | loss 0.2930 | games 208640 | time 206s/300s
step 3270 | loss 0.3219 | games 209280 | time 207s/300s
step 3280 | loss 0.3088 | games 209920 | time 207s/300s
step 3290 | loss 0.2917 | games 210560 | time 208s/300s
step 3300 | loss 0.3039 | games 211200 | time 208s/300s
step 3310 | loss 0.3077 | games 211840 | time 209s/300s
step 3320 | loss 0.2672 | games 212480 | time 209s/300s
step 3330 | loss 0.2783 | games 213120 | time 210s/300s
step 3340 | loss 0.2726 | games 213760 | time 211s/300s
step 3350 | loss 0.2371 | games 214400 | time 211s/300s
step 3360 | loss 0.2628 | games 215040 | time 212s/300s
step 3370 | loss 0.3104 | games 215680 | time 212s/300s
step 3380 | loss 0.3067 | games 216320 | time 213s/300s
step 3390 | loss 0.2716 | games 216960 | time 214s/300s
step 3400 | loss 0.2795 | games 217600 | time 214s/300s
step 3410 | loss 0.2503 | games 218240 | time 215s/300s
step 3420 | loss 0.2438 | games 218880 | time 215s/300s
step 3430 | loss 0.2434 | games 219520 | time 216s/300s
step 3440 | loss 0.2759 | games 220160 | time 217s/300s
step 3450 | loss 0.2927 | games 220800 | time 217s/300s
step 3460 | loss 0.2761 | games 221440 | time 218s/300s
step 3470 | loss 0.2739 | games 222080 | time 218s/300s
step 3480 | loss 0.2481 | games 222720 | time 219s/300s
step 3490 | loss 0.2925 | games 223360 | time 220s/300s
step 3500 | loss 0.2954 | games 224000 | time 220s/300s
step 3510 | loss 0.2560 | games 224640 | time 221s/300s
step 3520 | loss 0.2845 | games 225280 | time 221s/300s
step 3530 | loss 0.2531 | games 225920 | time 222s/300s
step 3540 | loss 0.2523 | games 226560 | time 222s/300s
step 3550 | loss 0.2811 | games 227200 | time 223s/300s
step 3560 | loss 0.2342 | games 227840 | time 224s/300s
step 3570 | loss 0.2708 | games 228480 | time 224s/300s
step 3580 | loss 0.2924 | games 229120 | time 225s/300s
step 3590 | loss 0.2726 | games 229760 | time 225s/300s
step 3600 | loss 0.2668 | games 230400 | time 226s/300s
step 3610 | loss 0.2614 | games 231040 | time 227s/300s
step 3620 | loss 0.2897 | games 231680 | time 227s/300s
step 3630 | loss 0.2762 | games 232320 | time 228s/300s
step 3640 | loss 0.2815 | games 232960 | time 228s/300s
step 3650 | loss 0.2997 | games 233600 | time 229s/300s
step 3660 | loss 0.2881 | games 234240 | time 229s/300s
step 3670 | loss 0.3008 | games 234880 | time 230s/300s
step 3680 | loss 0.2838 | games 235520 | time 231s/300s
step 3690 | loss 0.2839 | games 236160 | time 232s/300s
step 3700 | loss 0.2595 | games 236800 | time 232s/300s
step 3710 | loss 0.2853 | games 237440 | time 233s/300s
step 3720 | loss 0.2746 | games 238080 | time 233s/300s
step 3730 | loss 0.2939 | games 238720 | time 234s/300s
step 3740 | loss 0.3066 | games 239360 | time 235s/300s
step 3750 | loss 0.3082 | games 240000 | time 235s/300s
step 3760 | loss 0.2796 | games 240640 | time 236s/300s
step 3770 | loss 0.2795 | games 241280 | time 236s/300s
step 3780 | loss 0.2924 | games 241920 | time 237s/300s
step 3790 | loss 0.2559 | games 242560 | time 238s/300s
step 3800 | loss 0.2618 | games 243200 | time 238s/300s
step 3810 | loss 0.2316 | games 243840 | time 239s/300s
step 3820 | loss 0.2805 | games 244480 | time 239s/300s
step 3830 | loss 0.2887 | games 245120 | time 240s/300s
step 3840 | loss 0.2835 | games 245760 | time 241s/300s
step 3850 | loss 0.2928 | games 246400 | time 241s/300s
step 3860 | loss 0.2867 | games 247040 | time 242s/300s
step 3870 | loss 0.2887 | games 247680 | time 243s/300s
step 3880 | loss 0.2661 | games 248320 | time 243s/300s
step 3890 | loss 0.2903 | games 248960 | time 244s/300s
step 3900 | loss 0.2468 | games 249600 | time 244s/300s
step 3910 | loss 0.2927 | games 250240 | time 245s/300s
step 3920 | loss 0.2299 | games 250880 | time 246s/300s
step 3930 | loss 0.2003 | games 251520 | time 246s/300s
step 3940 | loss 0.1989 | games 252160 | time 247s/300s
step 3950 | loss 0.2299 | games 252800 | time 247s/300s
step 3960 | loss 0.2860 | games 253440 | time 248s/300s
step 3970 | loss 0.3048 | games 254080 | time 248s/300s
step 3980 | loss 0.2988 | games 254720 | time 249s/300s
step 3990 | loss 0.2838 | games 255360 | time 250s/300s
step 4000 | loss 0.2608 | games 256000 | time 250s/300s
step 4010 | loss 0.2547 | games 256640 | time 251s/300s
step 4020 | loss 0.2865 | games 257280 | time 251s/300s
step 4030 | loss 0.2716 | games 257920 | time 252s/300s
step 4040 | loss 0.3123 | games 258560 | time 253s/300s
step 4050 | loss 0.3110 | games 259200 | time 253s/300s
step 4060 | loss 0.2859 | games 259840 | time 254s/300s
step 4070 | loss 0.3044 | games 260480 | time 254s/300s
step 4080 | loss 0.2914 | games 261120 | time 255s/300s
step 4090 | loss 0.2962 | games 261760 | time 256s/300s
step 4100 | loss 0.2876 | games 262400 | time 256s/300s
step 4110 | loss 0.2792 | games 263040 | time 257s/300s
step 4120 | loss 0.2602 | games 263680 | time 257s/300s
step 4130 | loss 0.2635 | games 264320 | time 258s/300s
step 4140 | loss 0.2774 | games 264960 | time 259s/300s
step 4150 | loss 0.2972 | games 265600 | time 259s/300s
step 4160 | loss 0.3002 | games 266240 | time 260s/300s
step 4170 | loss 0.3104 | games 266880 | time 261s/300s
step 4180 | loss 0.2972 | games 267520 | time 261s/300s
step 4190 | loss 0.3123 | games 268160 | time 262s/300s
step 4200 | loss 0.2862 | games 268800 | time 263s/300s
step 4210 | loss 0.2589 | games 269440 | time 263s/300s
step 4220 | loss 0.2711 | games 270080 | time 264s/300s
step 4230 | loss 0.2856 | games 270720 | time 264s/300s
step 4240 | loss 0.3173 | games 271360 | time 265s/300s
step 4250 | loss 0.2546 | games 272000 | time 266s/300s
step 4260 | loss 0.2652 | games 272640 | time 266s/300s
step 4270 | loss 0.2822 | games 273280 | time 267s/300s
step 4280 | loss 0.2472 | games 273920 | time 268s/300s
step 4290 | loss 0.2627 | games 274560 | time 268s/300s
step 4300 | loss 0.2710 | games 275200 | time 269s/300s
step 4310 | loss 0.2805 | games 275840 | time 269s/300s
step 4320 | loss 0.2584 | games 276480 | time 270s/300s
step 4330 | loss 0.2661 | games 277120 | time 271s/300s
step 4340 | loss 0.2809 | games 277760 | time 271s/300s
step 4350 | loss 0.2929 | games 278400 | time 272s/300s
step 4360 | loss 0.2836 | games 279040 | time 273s/300s
step 4370 | loss 0.2615 | games 279680 | time 273s/300s
step 4380 | loss 0.2571 | games 280320 | time 274s/300s
step 4390 | loss 0.2894 | games 280960 | time 274s/300s
step 4400 | loss 0.2904 | games 281600 | time 275s/300s
step 4410 | loss 0.3284 | games 282240 | time 276s/300s
step 4420 | loss 0.3110 | games 282880 | time 276s/300s
step 4430 | loss 0.3208 | games 283520 | time 277s/300s
step 4440 | loss 0.3513 | games 284160 | time 277s/300s
step 4450 | loss 0.3397 | games 284800 | time 278s/300s
step 4460 | loss 0.3110 | games 285440 | time 279s/300s
step 4470 | loss 0.3113 | games 286080 | time 279s/300s
step 4480 | loss 0.2772 | games 286720 | time 280s/300s
step 4490 | loss 0.2908 | games 287360 | time 280s/300s
step 4500 | loss 0.2756 | games 288000 | time 281s/300s
step 4510 | loss 0.2969 | games 288640 | time 282s/300s
step 4520 | loss 0.3172 | games 289280 | time 282s/300s
step 4530 | loss 0.2886 | games 289920 | time 283s/300s
step 4540 | loss 0.2718 | games 290560 | time 283s/300s
step 4550 | loss 0.2795 | games 291200 | time 284s/300s
step 4560 | loss 0.2387 | games 291840 | time 285s/300s
step 4570 | loss 0.2737 | games 292480 | time 285s/300s
step 4580 | loss 0.2853 | games 293120 | time 286s/300s
step 4590 | loss 0.2882 | games 293760 | time 286s/300s
step 4600 | loss 0.2822 | games 294400 | time 287s/300s
step 4610 | loss 0.2668 | games 295040 | time 288s/300s
step 4620 | loss 0.2828 | games 295680 | time 288s/300s
step 4630 | loss 0.2669 | games 296320 | time 289s/300s
step 4640 | loss 0.2695 | games 296960 | time 289s/300s
step 4650 | loss 0.2925 | games 297600 | time 290s/300s
step 4660 | loss 0.2588 | games 298240 | time 291s/300s
step 4670 | loss 0.2549 | games 298880 | time 291s/300s
step 4680 | loss 0.2503 | games 299520 | time 292s/300s
step 4690 | loss 0.2474 | games 300160 | time 292s/300s
step 4700 | loss 0.2770 | games 300800 | time 293s/300s
step 4710 | loss 0.3008 | games 301440 | time 293s/300s
step 4720 | loss 0.3014 | games 302080 | time 294s/300s
step 4730 | loss 0.2745 | games 302720 | time 295s/300s
step 4740 | loss 0.2498 | games 303360 | time 295s/300s
step 4750 | loss 0.2865 | games 304000 | time 296s/300s
step 4760 | loss 0.2039 | games 304640 | time 296s/300s
step 4770 | loss 0.2149 | games 305280 | time 297s/300s
step 4780 | loss 0.2306 | games 305920 | time 297s/300s
step 4790 | loss 0.1961 | games 306560 | time 298s/300s
step 4800 | loss 0.2486 | games 307200 | time 298s/300s
step 4810 | loss 0.2679 | games 307840 | time 299s/300s
step 4820 | loss 0.2614 | games 308480 | time 300s/300s

Training complete: 4828 steps, 308992 games, 300.0s

Evaluating against opponent suite...

Per-opponent results:
  random         : 0.980 win_rate (98W 2L 0D / 100)
  one_step       : 1.000 win_rate (100W 0L 0D / 100)
  minimax_d3     : 0.000 win_rate (0W 100L 0D / 100)
  minimax_d5     : 0.000 win_rate (0W 100L 0D / 100)

---
win_rate:          0.229231
training_seconds:  300.0
total_seconds:     349.0
eval_seconds:      48.0
peak_vram_mb:      95.3
total_games:       308992
num_steps:         4828
num_params:        764872
conv_layers:       3
conv_channels:     64
fc_hidden:         128
entropy_coef:      0.03
