Device: cuda
Model parameters: 764,872
Time budget: 300s
Self-play ratio: 0.7
Exploration rate: 0.15 -> 0.02
Entropy coef: 0.03
Games per batch: 64

step   10 | loss 0.5230 | games   640 | time 1s/300s
step   20 | loss 0.4556 | games  1280 | time 2s/300s
step   30 | loss 0.3922 | games  1920 | time 3s/300s
step   40 | loss 0.3574 | games  2560 | time 3s/300s
step   50 | loss 0.3683 | games  3200 | time 4s/300s
step   60 | loss 0.3739 | games  3840 | time 4s/300s
step   70 | loss 0.3425 | games  4480 | time 5s/300s
step   80 | loss 0.3386 | games  5120 | time 5s/300s
step   90 | loss 0.3042 | games  5760 | time 6s/300s
step  100 | loss 0.3380 | games  6400 | time 7s/300s
step  110 | loss 0.3597 | games  7040 | time 7s/300s
step  120 | loss 0.3625 | games  7680 | time 8s/300s
step  130 | loss 0.3329 | games  8320 | time 8s/300s
step  140 | loss 0.3286 | games  8960 | time 9s/300s
step  150 | loss 0.3292 | games  9600 | time 10s/300s
step  160 | loss 0.3262 | games 10240 | time 10s/300s
step  170 | loss 0.3061 | games 10880 | time 11s/300s
step  180 | loss 0.2492 | games 11520 | time 11s/300s
step  190 | loss 0.3073 | games 12160 | time 12s/300s
step  200 | loss 0.2571 | games 12800 | time 12s/300s
step  210 | loss 0.2697 | games 13440 | time 13s/300s
step  220 | loss 0.3160 | games 14080 | time 13s/300s
step  230 | loss 0.3240 | games 14720 | time 14s/300s
step  240 | loss 0.3566 | games 15360 | time 15s/300s
step  250 | loss 0.3195 | games 16000 | time 15s/300s
step  260 | loss 0.2608 | games 16640 | time 16s/300s
step  270 | loss 0.2652 | games 17280 | time 16s/300s
step  280 | loss 0.2936 | games 17920 | time 17s/300s
step  290 | loss 0.3146 | games 18560 | time 17s/300s
step  300 | loss 0.3301 | games 19200 | time 18s/300s
step  310 | loss 0.2490 | games 19840 | time 18s/300s
step  320 | loss 0.3404 | games 20480 | time 19s/300s
step  330 | loss 0.3571 | games 21120 | time 19s/300s
step  340 | loss 0.3115 | games 21760 | time 20s/300s
step  350 | loss 0.3092 | games 22400 | time 20s/300s
step  360 | loss 0.3393 | games 23040 | time 21s/300s
step  370 | loss 0.2871 | games 23680 | time 21s/300s
step  380 | loss 0.2827 | games 24320 | time 22s/300s
step  390 | loss 0.2937 | games 24960 | time 22s/300s
step  400 | loss 0.3256 | games 25600 | time 23s/300s
step  410 | loss 0.3705 | games 26240 | time 24s/300s
step  420 | loss 0.3154 | games 26880 | time 24s/300s
step  430 | loss 0.3316 | games 27520 | time 25s/300s
step  440 | loss 0.3470 | games 28160 | time 25s/300s
step  450 | loss 0.3418 | games 28800 | time 26s/300s
step  460 | loss 0.2364 | games 29440 | time 26s/300s
step  470 | loss 0.3020 | games 30080 | time 27s/300s
step  480 | loss 0.3091 | games 30720 | time 27s/300s
step  490 | loss 0.3362 | games 31360 | time 28s/300s
step  500 | loss 0.3339 | games 32000 | time 28s/300s
step  510 | loss 0.3171 | games 32640 | time 29s/300s
step  520 | loss 0.3276 | games 33280 | time 30s/300s
step  530 | loss 0.2981 | games 33920 | time 30s/300s
step  540 | loss 0.3155 | games 34560 | time 31s/300s
step  550 | loss 0.3005 | games 35200 | time 31s/300s
step  560 | loss 0.3077 | games 35840 | time 32s/300s
step  570 | loss 0.3288 | games 36480 | time 32s/300s
step  580 | loss 0.3074 | games 37120 | time 33s/300s
step  590 | loss 0.3487 | games 37760 | time 33s/300s
step  600 | loss 0.3597 | games 38400 | time 34s/300s
step  610 | loss 0.3652 | games 39040 | time 35s/300s
step  620 | loss 0.3186 | games 39680 | time 35s/300s
step  630 | loss 0.2827 | games 40320 | time 36s/300s
step  640 | loss 0.3185 | games 40960 | time 36s/300s
step  650 | loss 0.3200 | games 41600 | time 37s/300s
step  660 | loss 0.3245 | games 42240 | time 37s/300s
step  670 | loss 0.2874 | games 42880 | time 38s/300s
step  680 | loss 0.2742 | games 43520 | time 38s/300s
step  690 | loss 0.2874 | games 44160 | time 39s/300s
step  700 | loss 0.2594 | games 44800 | time 40s/300s
step  710 | loss 0.3260 | games 45440 | time 40s/300s
step  720 | loss 0.3110 | games 46080 | time 41s/300s
step  730 | loss 0.2968 | games 46720 | time 41s/300s
step  740 | loss 0.2947 | games 47360 | time 42s/300s
step  750 | loss 0.3111 | games 48000 | time 42s/300s
step  760 | loss 0.2837 | games 48640 | time 43s/300s
step  770 | loss 0.3328 | games 49280 | time 43s/300s
step  780 | loss 0.2789 | games 49920 | time 44s/300s
step  790 | loss 0.3499 | games 50560 | time 44s/300s
step  800 | loss 0.2947 | games 51200 | time 45s/300s
step  810 | loss 0.3319 | games 51840 | time 46s/300s
step  820 | loss 0.2927 | games 52480 | time 46s/300s
step  830 | loss 0.3024 | games 53120 | time 47s/300s
step  840 | loss 0.2740 | games 53760 | time 47s/300s
step  850 | loss 0.2840 | games 54400 | time 48s/300s
step  860 | loss 0.1840 | games 55040 | time 48s/300s
step  870 | loss 0.2140 | games 55680 | time 49s/300s
step  880 | loss 0.2739 | games 56320 | time 49s/300s
step  890 | loss 0.2781 | games 56960 | time 50s/300s
step  900 | loss 0.2260 | games 57600 | time 50s/300s
step  910 | loss 0.2220 | games 58240 | time 50s/300s
step  920 | loss 0.2020 | games 58880 | time 51s/300s
step  930 | loss 0.2622 | games 59520 | time 52s/300s
step  940 | loss 0.2234 | games 60160 | time 52s/300s
step  950 | loss 0.2869 | games 60800 | time 53s/300s
step  960 | loss 0.3204 | games 61440 | time 53s/300s
step  970 | loss 0.3176 | games 62080 | time 54s/300s
step  980 | loss 0.2593 | games 62720 | time 54s/300s
step  990 | loss 0.2886 | games 63360 | time 55s/300s
step 1000 | loss 0.2672 | games 64000 | time 55s/300s
step 1010 | loss 0.2140 | games 64640 | time 56s/300s
step 1020 | loss 0.2355 | games 65280 | time 56s/300s
step 1030 | loss 0.2087 | games 65920 | time 57s/300s
step 1040 | loss 0.1640 | games 66560 | time 57s/300s
step 1050 | loss 0.1410 | games 67200 | time 57s/300s
step 1060 | loss 0.1822 | games 67840 | time 58s/300s
step 1070 | loss 0.2069 | games 68480 | time 58s/300s
step 1080 | loss 0.1715 | games 69120 | time 59s/300s
step 1090 | loss 0.2604 | games 69760 | time 59s/300s
step 1100 | loss 0.2924 | games 70400 | time 60s/300s
step 1110 | loss 0.3086 | games 71040 | time 60s/300s
step 1120 | loss 0.3225 | games 71680 | time 61s/300s
step 1130 | loss 0.3244 | games 72320 | time 62s/300s
step 1140 | loss 0.2938 | games 72960 | time 62s/300s
step 1150 | loss 0.2901 | games 73600 | time 63s/300s
step 1160 | loss 0.2934 | games 74240 | time 63s/300s
step 1170 | loss 0.2381 | games 74880 | time 64s/300s
step 1180 | loss 0.3043 | games 75520 | time 64s/300s
step 1190 | loss 0.2938 | games 76160 | time 65s/300s
step 1200 | loss 0.2664 | games 76800 | time 65s/300s
step 1210 | loss 0.2019 | games 77440 | time 66s/300s
step 1220 | loss 0.1799 | games 78080 | time 66s/300s
step 1230 | loss 0.2025 | games 78720 | time 67s/300s
step 1240 | loss 0.2415 | games 79360 | time 67s/300s
step 1250 | loss 0.2728 | games 80000 | time 68s/300s
step 1260 | loss 0.3066 | games 80640 | time 68s/300s
step 1270 | loss 0.3323 | games 81280 | time 69s/300s
step 1280 | loss 0.3257 | games 81920 | time 70s/300s
step 1290 | loss 0.3154 | games 82560 | time 70s/300s
step 1300 | loss 0.3383 | games 83200 | time 71s/300s
step 1310 | loss 0.2919 | games 83840 | time 72s/300s
step 1320 | loss 0.2841 | games 84480 | time 72s/300s
step 1330 | loss 0.3051 | games 85120 | time 73s/300s
step 1340 | loss 0.3123 | games 85760 | time 73s/300s
step 1350 | loss 0.3126 | games 86400 | time 74s/300s
step 1360 | loss 0.2013 | games 87040 | time 75s/300s
step 1370 | loss 0.2207 | games 87680 | time 75s/300s
step 1380 | loss 0.3031 | games 88320 | time 76s/300s
step 1390 | loss 0.3317 | games 88960 | time 77s/300s
step 1400 | loss 0.2978 | games 89600 | time 77s/300s
step 1410 | loss 0.3383 | games 90240 | time 78s/300s
step 1420 | loss 0.2625 | games 90880 | time 78s/300s
step 1430 | loss 0.1904 | games 91520 | time 79s/300s
step 1440 | loss 0.1884 | games 92160 | time 79s/300s
step 1450 | loss 0.1650 | games 92800 | time 80s/300s
step 1460 | loss 0.2267 | games 93440 | time 80s/300s
step 1470 | loss 0.2473 | games 94080 | time 81s/300s
step 1480 | loss 0.2293 | games 94720 | time 81s/300s
step 1490 | loss 0.3073 | games 95360 | time 82s/300s
step 1500 | loss 0.3387 | games 96000 | time 82s/300s
step 1510 | loss 0.2879 | games 96640 | time 83s/300s
step 1520 | loss 0.2949 | games 97280 | time 84s/300s
step 1530 | loss 0.2747 | games 97920 | time 84s/300s
step 1540 | loss 0.2777 | games 98560 | time 85s/300s
step 1550 | loss 0.2884 | games 99200 | time 85s/300s
step 1560 | loss 0.3207 | games 99840 | time 86s/300s
step 1570 | loss 0.1825 | games 100480 | time 86s/300s
step 1580 | loss 0.1474 | games 101120 | time 87s/300s
step 1590 | loss 0.1544 | games 101760 | time 87s/300s
step 1600 | loss 0.2343 | games 102400 | time 87s/300s
step 1610 | loss 0.2440 | games 103040 | time 88s/300s
step 1620 | loss 0.2746 | games 103680 | time 88s/300s
step 1630 | loss 0.3216 | games 104320 | time 89s/300s
step 1640 | loss 0.3355 | games 104960 | time 90s/300s
step 1650 | loss 0.3049 | games 105600 | time 90s/300s
step 1660 | loss 0.3097 | games 106240 | time 91s/300s
step 1670 | loss 0.2937 | games 106880 | time 91s/300s
step 1680 | loss 0.2728 | games 107520 | time 92s/300s
step 1690 | loss 0.2665 | games 108160 | time 93s/300s
step 1700 | loss 0.3065 | games 108800 | time 93s/300s
step 1710 | loss 0.3033 | games 109440 | time 94s/300s
step 1720 | loss 0.2794 | games 110080 | time 94s/300s
step 1730 | loss 0.2764 | games 110720 | time 95s/300s
step 1740 | loss 0.2222 | games 111360 | time 95s/300s
step 1750 | loss 0.2099 | games 112000 | time 96s/300s
step 1760 | loss 0.1376 | games 112640 | time 96s/300s
step 1770 | loss 0.1978 | games 113280 | time 96s/300s
step 1780 | loss 0.1226 | games 113920 | time 97s/300s
step 1790 | loss 0.1337 | games 114560 | time 97s/300s
step 1800 | loss 0.2011 | games 115200 | time 98s/300s
step 1810 | loss 0.2331 | games 115840 | time 98s/300s
step 1820 | loss 0.2307 | games 116480 | time 99s/300s
step 1830 | loss 0.2623 | games 117120 | time 99s/300s
step 1840 | loss 0.2211 | games 117760 | time 100s/300s
step 1850 | loss 0.2772 | games 118400 | time 100s/300s
step 1860 | loss 0.2919 | games 119040 | time 101s/300s
step 1870 | loss 0.2574 | games 119680 | time 102s/300s
step 1880 | loss 0.2836 | games 120320 | time 102s/300s
step 1890 | loss 0.2800 | games 120960 | time 103s/300s
step 1900 | loss 0.2878 | games 121600 | time 103s/300s
step 1910 | loss 0.3436 | games 122240 | time 104s/300s
step 1920 | loss 0.3329 | games 122880 | time 104s/300s
step 1930 | loss 0.1815 | games 123520 | time 105s/300s
step 1940 | loss 0.2275 | games 124160 | time 105s/300s
step 1950 | loss 0.2247 | games 124800 | time 106s/300s
step 1960 | loss 0.2730 | games 125440 | time 106s/300s
step 1970 | loss 0.2491 | games 126080 | time 107s/300s
step 1980 | loss 0.2780 | games 126720 | time 107s/300s
step 1990 | loss 0.3127 | games 127360 | time 108s/300s
step 2000 | loss 0.2657 | games 128000 | time 108s/300s
step 2010 | loss 0.2666 | games 128640 | time 109s/300s
step 2020 | loss 0.2709 | games 129280 | time 110s/300s
step 2030 | loss 0.3078 | games 129920 | time 110s/300s
step 2040 | loss 0.3063 | games 130560 | time 111s/300s
step 2050 | loss 0.2675 | games 131200 | time 111s/300s
step 2060 | loss 0.1641 | games 131840 | time 112s/300s
step 2070 | loss 0.2089 | games 132480 | time 112s/300s
step 2080 | loss 0.2460 | games 133120 | time 113s/300s
step 2090 | loss 0.2893 | games 133760 | time 113s/300s
step 2100 | loss 0.3051 | games 134400 | time 114s/300s
step 2110 | loss 0.2473 | games 135040 | time 114s/300s
step 2120 | loss 0.2657 | games 135680 | time 115s/300s
step 2130 | loss 0.2853 | games 136320 | time 115s/300s
step 2140 | loss 0.3043 | games 136960 | time 116s/300s
step 2150 | loss 0.2733 | games 137600 | time 116s/300s
step 2160 | loss 0.3011 | games 138240 | time 117s/300s
step 2170 | loss 0.2858 | games 138880 | time 118s/300s
step 2180 | loss 0.2469 | games 139520 | time 118s/300s
step 2190 | loss 0.2540 | games 140160 | time 119s/300s
step 2200 | loss 0.2752 | games 140800 | time 119s/300s
step 2210 | loss 0.2910 | games 141440 | time 120s/300s
step 2220 | loss 0.2345 | games 142080 | time 120s/300s
step 2230 | loss 0.2429 | games 142720 | time 121s/300s
step 2240 | loss 0.2917 | games 143360 | time 122s/300s
step 2250 | loss 0.2513 | games 144000 | time 122s/300s
step 2260 | loss 0.1438 | games 144640 | time 123s/300s
step 2270 | loss 0.1691 | games 145280 | time 123s/300s
step 2280 | loss 0.2176 | games 145920 | time 124s/300s
step 2290 | loss 0.2764 | games 146560 | time 124s/300s
step 2300 | loss 0.1776 | games 147200 | time 125s/300s
step 2310 | loss 0.2778 | games 147840 | time 125s/300s
step 2320 | loss 0.3102 | games 148480 | time 126s/300s
step 2330 | loss 0.3045 | games 149120 | time 127s/300s
step 2340 | loss 0.2771 | games 149760 | time 127s/300s
step 2350 | loss 0.3018 | games 150400 | time 128s/300s
step 2360 | loss 0.2792 | games 151040 | time 128s/300s
step 2370 | loss 0.2726 | games 151680 | time 129s/300s
step 2380 | loss 0.3132 | games 152320 | time 129s/300s
step 2390 | loss 0.1456 | games 152960 | time 130s/300s
step 2400 | loss 0.1993 | games 153600 | time 130s/300s
step 2410 | loss 0.2493 | games 154240 | time 131s/300s
step 2420 | loss 0.2215 | games 154880 | time 132s/300s
step 2430 | loss 0.3188 | games 155520 | time 132s/300s
step 2440 | loss 0.3030 | games 156160 | time 133s/300s
step 2450 | loss 0.2605 | games 156800 | time 133s/300s
step 2460 | loss 0.1827 | games 157440 | time 134s/300s
step 2470 | loss 0.2219 | games 158080 | time 134s/300s
step 2480 | loss 0.2358 | games 158720 | time 135s/300s
step 2490 | loss 0.2458 | games 159360 | time 135s/300s
step 2500 | loss 0.2522 | games 160000 | time 136s/300s
step 2510 | loss 0.3629 | games 160640 | time 136s/300s
step 2520 | loss 0.3770 | games 161280 | time 137s/300s
step 2530 | loss 0.3081 | games 161920 | time 137s/300s
step 2540 | loss 0.3184 | games 162560 | time 138s/300s
step 2550 | loss 0.2869 | games 163200 | time 138s/300s
step 2560 | loss 0.2008 | games 163840 | time 139s/300s
step 2570 | loss 0.2011 | games 164480 | time 139s/300s
step 2580 | loss 0.2856 | games 165120 | time 140s/300s
step 2590 | loss 0.2619 | games 165760 | time 140s/300s
step 2600 | loss 0.2702 | games 166400 | time 141s/300s
step 2610 | loss 0.2567 | games 167040 | time 142s/300s
step 2620 | loss 0.1609 | games 167680 | time 142s/300s
step 2630 | loss 0.0986 | games 168320 | time 143s/300s
step 2640 | loss 0.1760 | games 168960 | time 143s/300s
step 2650 | loss 0.2947 | games 169600 | time 144s/300s
step 2660 | loss 0.1545 | games 170240 | time 144s/300s
step 2670 | loss 0.2621 | games 170880 | time 144s/300s
step 2680 | loss 0.2799 | games 171520 | time 145s/300s
step 2690 | loss 0.3029 | games 172160 | time 145s/300s
step 2700 | loss 0.2899 | games 172800 | time 146s/300s
step 2710 | loss 0.2675 | games 173440 | time 147s/300s
step 2720 | loss 0.2534 | games 174080 | time 147s/300s
step 2730 | loss 0.2986 | games 174720 | time 148s/300s
step 2740 | loss 0.2805 | games 175360 | time 148s/300s
step 2750 | loss 0.2270 | games 176000 | time 149s/300s
step 2760 | loss 0.2719 | games 176640 | time 149s/300s
step 2770 | loss 0.2789 | games 177280 | time 150s/300s
step 2780 | loss 0.3192 | games 177920 | time 150s/300s
step 2790 | loss 0.3105 | games 178560 | time 151s/300s
step 2800 | loss 0.3360 | games 179200 | time 151s/300s
step 2810 | loss 0.3098 | games 179840 | time 152s/300s
step 2820 | loss 0.3387 | games 180480 | time 152s/300s
step 2830 | loss 0.3216 | games 181120 | time 153s/300s
step 2840 | loss 0.2198 | games 181760 | time 153s/300s
step 2850 | loss 0.2784 | games 182400 | time 154s/300s
step 2860 | loss 0.2601 | games 183040 | time 154s/300s
step 2870 | loss 0.2264 | games 183680 | time 155s/300s
step 2880 | loss 0.2018 | games 184320 | time 155s/300s
step 2890 | loss 0.1399 | games 184960 | time 156s/300s
step 2900 | loss 0.1623 | games 185600 | time 156s/300s
step 2910 | loss 0.1701 | games 186240 | time 157s/300s
step 2920 | loss 0.2389 | games 186880 | time 157s/300s
step 2930 | loss 0.2709 | games 187520 | time 158s/300s
step 2940 | loss 0.3009 | games 188160 | time 158s/300s
step 2950 | loss 0.2690 | games 188800 | time 159s/300s
step 2960 | loss 0.2917 | games 189440 | time 159s/300s
step 2970 | loss 0.2570 | games 190080 | time 160s/300s
step 2980 | loss 0.2500 | games 190720 | time 160s/300s
step 2990 | loss 0.2103 | games 191360 | time 161s/300s
step 3000 | loss 0.2083 | games 192000 | time 161s/300s
step 3010 | loss 0.2866 | games 192640 | time 162s/300s
step 3020 | loss 0.2450 | games 193280 | time 163s/300s
step 3030 | loss 0.2706 | games 193920 | time 163s/300s
step 3040 | loss 0.3164 | games 194560 | time 164s/300s
step 3050 | loss 0.3366 | games 195200 | time 164s/300s
step 3060 | loss 0.3199 | games 195840 | time 165s/300s
step 3070 | loss 0.2415 | games 196480 | time 165s/300s
step 3080 | loss 0.2006 | games 197120 | time 166s/300s
step 3090 | loss 0.2144 | games 197760 | time 166s/300s
step 3100 | loss 0.2617 | games 198400 | time 167s/300s
step 3110 | loss 0.2694 | games 199040 | time 167s/300s
step 3120 | loss 0.2953 | games 199680 | time 168s/300s
step 3130 | loss 0.2590 | games 200320 | time 168s/300s
step 3140 | loss 0.2452 | games 200960 | time 169s/300s
step 3150 | loss 0.2433 | games 201600 | time 169s/300s
step 3160 | loss 0.2832 | games 202240 | time 170s/300s
step 3170 | loss 0.2302 | games 202880 | time 171s/300s
step 3180 | loss 0.1825 | games 203520 | time 171s/300s
step 3190 | loss 0.2126 | games 204160 | time 172s/300s
step 3200 | loss 0.2717 | games 204800 | time 172s/300s
step 3210 | loss 0.3505 | games 205440 | time 173s/300s
step 3220 | loss 0.2354 | games 206080 | time 173s/300s
step 3230 | loss 0.2044 | games 206720 | time 173s/300s
step 3240 | loss 0.2089 | games 207360 | time 174s/300s
step 3250 | loss 0.2311 | games 208000 | time 174s/300s
step 3260 | loss 0.2461 | games 208640 | time 175s/300s
step 3270 | loss 0.2799 | games 209280 | time 175s/300s
step 3280 | loss 0.2925 | games 209920 | time 176s/300s
step 3290 | loss 0.3169 | games 210560 | time 177s/300s
step 3300 | loss 0.2960 | games 211200 | time 177s/300s
step 3310 | loss 0.2208 | games 211840 | time 178s/300s
step 3320 | loss 0.1716 | games 212480 | time 178s/300s
step 3330 | loss 0.2224 | games 213120 | time 179s/300s
step 3340 | loss 0.1762 | games 213760 | time 179s/300s
step 3350 | loss 0.2626 | games 214400 | time 179s/300s
step 3360 | loss 0.3024 | games 215040 | time 180s/300s
step 3370 | loss 0.2458 | games 215680 | time 181s/300s
step 3380 | loss 0.2734 | games 216320 | time 181s/300s
step 3390 | loss 0.2885 | games 216960 | time 182s/300s
step 3400 | loss 0.2846 | games 217600 | time 182s/300s
step 3410 | loss 0.2268 | games 218240 | time 183s/300s
step 3420 | loss 0.1995 | games 218880 | time 183s/300s
step 3430 | loss 0.2739 | games 219520 | time 184s/300s
step 3440 | loss 0.2650 | games 220160 | time 184s/300s
step 3450 | loss 0.3056 | games 220800 | time 185s/300s
step 3460 | loss 0.2592 | games 221440 | time 185s/300s
step 3470 | loss 0.1978 | games 222080 | time 186s/300s
step 3480 | loss 0.2348 | games 222720 | time 186s/300s
step 3490 | loss 0.1668 | games 223360 | time 187s/300s
step 3500 | loss 0.1080 | games 224000 | time 187s/300s
step 3510 | loss 0.0583 | games 224640 | time 188s/300s
step 3520 | loss 0.0365 | games 225280 | time 188s/300s
step 3530 | loss 0.1184 | games 225920 | time 189s/300s
step 3540 | loss 0.1967 | games 226560 | time 189s/300s
step 3550 | loss 0.2355 | games 227200 | time 190s/300s
step 3560 | loss 0.2798 | games 227840 | time 190s/300s
step 3570 | loss 0.2696 | games 228480 | time 191s/300s
step 3580 | loss 0.2600 | games 229120 | time 191s/300s
step 3590 | loss 0.2144 | games 229760 | time 192s/300s
step 3600 | loss 0.2093 | games 230400 | time 192s/300s
step 3610 | loss 0.2352 | games 231040 | time 193s/300s
step 3620 | loss 0.2685 | games 231680 | time 194s/300s
step 3630 | loss 0.2811 | games 232320 | time 194s/300s
step 3640 | loss 0.2804 | games 232960 | time 195s/300s
step 3650 | loss 0.2620 | games 233600 | time 195s/300s
step 3660 | loss 0.2454 | games 234240 | time 196s/300s
step 3670 | loss 0.2727 | games 234880 | time 196s/300s
step 3680 | loss 0.2553 | games 235520 | time 197s/300s
step 3690 | loss 0.2330 | games 236160 | time 197s/300s
step 3700 | loss 0.2572 | games 236800 | time 198s/300s
step 3710 | loss 0.2864 | games 237440 | time 198s/300s
step 3720 | loss 0.2705 | games 238080 | time 199s/300s
step 3730 | loss 0.1813 | games 238720 | time 200s/300s
step 3740 | loss 0.2064 | games 239360 | time 200s/300s
step 3750 | loss 0.3096 | games 240000 | time 201s/300s
step 3760 | loss 0.2680 | games 240640 | time 201s/300s
step 3770 | loss 0.2771 | games 241280 | time 202s/300s
step 3780 | loss 0.2431 | games 241920 | time 202s/300s
step 3790 | loss 0.2879 | games 242560 | time 203s/300s
step 3800 | loss 0.2717 | games 243200 | time 203s/300s
step 3810 | loss 0.3569 | games 243840 | time 204s/300s
step 3820 | loss 0.3310 | games 244480 | time 204s/300s
step 3830 | loss 0.3046 | games 245120 | time 205s/300s
step 3840 | loss 0.2528 | games 245760 | time 205s/300s
step 3850 | loss 0.2482 | games 246400 | time 206s/300s
step 3860 | loss 0.3067 | games 247040 | time 207s/300s
step 3870 | loss 0.3356 | games 247680 | time 207s/300s
step 3880 | loss 0.2966 | games 248320 | time 208s/300s
step 3890 | loss 0.2926 | games 248960 | time 208s/300s
step 3900 | loss 0.3203 | games 249600 | time 209s/300s
step 3910 | loss 0.3129 | games 250240 | time 210s/300s
step 3920 | loss 0.2667 | games 250880 | time 210s/300s
step 3930 | loss 0.3060 | games 251520 | time 211s/300s
step 3940 | loss 0.3886 | games 252160 | time 212s/300s
step 3950 | loss 0.3626 | games 252800 | time 212s/300s
step 3960 | loss 0.3334 | games 253440 | time 213s/300s
step 3970 | loss 0.2847 | games 254080 | time 213s/300s
step 3980 | loss 0.3462 | games 254720 | time 214s/300s
step 3990 | loss 0.2190 | games 255360 | time 215s/300s
step 4000 | loss 0.1944 | games 256000 | time 215s/300s
step 4010 | loss 0.2044 | games 256640 | time 216s/300s
step 4020 | loss 0.2359 | games 257280 | time 216s/300s
step 4030 | loss 0.2740 | games 257920 | time 217s/300s
step 4040 | loss 0.2145 | games 258560 | time 217s/300s
step 4050 | loss 0.2356 | games 259200 | time 218s/300s
step 4060 | loss 0.2329 | games 259840 | time 218s/300s
step 4070 | loss 0.2699 | games 260480 | time 219s/300s
step 4080 | loss 0.3641 | games 261120 | time 219s/300s
step 4090 | loss 0.2810 | games 261760 | time 220s/300s
step 4100 | loss 0.2227 | games 262400 | time 220s/300s
step 4110 | loss 0.1808 | games 263040 | time 221s/300s
step 4120 | loss 0.1458 | games 263680 | time 221s/300s
step 4130 | loss 0.1542 | games 264320 | time 222s/300s
step 4140 | loss 0.2248 | games 264960 | time 222s/300s
step 4150 | loss 0.2042 | games 265600 | time 223s/300s
step 4160 | loss 0.1653 | games 266240 | time 223s/300s
step 4170 | loss 0.2682 | games 266880 | time 224s/300s
step 4180 | loss 0.2586 | games 267520 | time 224s/300s
step 4190 | loss 0.2048 | games 268160 | time 225s/300s
step 4200 | loss 0.2144 | games 268800 | time 225s/300s
step 4210 | loss 0.2509 | games 269440 | time 226s/300s
step 4220 | loss 0.2961 | games 270080 | time 226s/300s
step 4230 | loss 0.3244 | games 270720 | time 227s/300s
step 4240 | loss 0.3476 | games 271360 | time 227s/300s
step 4250 | loss 0.3187 | games 272000 | time 228s/300s
step 4260 | loss 0.3607 | games 272640 | time 229s/300s
step 4270 | loss 0.2866 | games 273280 | time 229s/300s
step 4280 | loss 0.3450 | games 273920 | time 230s/300s
step 4290 | loss 0.3278 | games 274560 | time 230s/300s
step 4300 | loss 0.2350 | games 275200 | time 231s/300s
step 4310 | loss 0.1738 | games 275840 | time 231s/300s
step 4320 | loss 0.2315 | games 276480 | time 232s/300s
step 4330 | loss 0.3348 | games 277120 | time 233s/300s
step 4340 | loss 0.3053 | games 277760 | time 233s/300s
step 4350 | loss 0.2805 | games 278400 | time 234s/300s
step 4360 | loss 0.3243 | games 279040 | time 235s/300s
step 4370 | loss 0.3771 | games 279680 | time 235s/300s
step 4380 | loss 0.3336 | games 280320 | time 236s/300s
step 4390 | loss 0.2805 | games 280960 | time 237s/300s
step 4400 | loss 0.2762 | games 281600 | time 237s/300s
step 4410 | loss 0.3379 | games 282240 | time 238s/300s
step 4420 | loss 0.3062 | games 282880 | time 238s/300s
step 4430 | loss 0.3404 | games 283520 | time 239s/300s
step 4440 | loss 0.3177 | games 284160 | time 239s/300s
step 4450 | loss 0.3328 | games 284800 | time 240s/300s
step 4460 | loss 0.2705 | games 285440 | time 241s/300s
step 4470 | loss 0.1112 | games 286080 | time 241s/300s
step 4480 | loss 0.3630 | games 286720 | time 242s/300s
step 4490 | loss 0.3476 | games 287360 | time 242s/300s
step 4500 | loss 0.4205 | games 288000 | time 243s/300s
step 4510 | loss 0.3991 | games 288640 | time 243s/300s
step 4520 | loss 0.2055 | games 289280 | time 244s/300s
step 4530 | loss 0.0440 | games 289920 | time 244s/300s
step 4540 | loss 0.0977 | games 290560 | time 245s/300s
step 4550 | loss 0.1036 | games 291200 | time 245s/300s
step 4560 | loss 0.1158 | games 291840 | time 245s/300s
step 4570 | loss 0.1551 | games 292480 | time 246s/300s
step 4580 | loss 0.2649 | games 293120 | time 246s/300s
step 4590 | loss 0.3430 | games 293760 | time 247s/300s
step 4600 | loss 0.3455 | games 294400 | time 248s/300s
step 4610 | loss 0.3103 | games 295040 | time 248s/300s
step 4620 | loss 0.3307 | games 295680 | time 249s/300s
step 4630 | loss 0.2659 | games 296320 | time 249s/300s
step 4640 | loss 0.2389 | games 296960 | time 250s/300s
step 4650 | loss 0.1992 | games 297600 | time 250s/300s
step 4660 | loss 0.2966 | games 298240 | time 251s/300s
step 4670 | loss 0.2980 | games 298880 | time 252s/300s
step 4680 | loss 0.2907 | games 299520 | time 252s/300s
step 4690 | loss 0.2625 | games 300160 | time 253s/300s
step 4700 | loss 0.2028 | games 300800 | time 254s/300s
step 4710 | loss 0.2643 | games 301440 | time 254s/300s
step 4720 | loss 0.1390 | games 302080 | time 255s/300s
step 4730 | loss 0.2745 | games 302720 | time 255s/300s
step 4740 | loss 0.3092 | games 303360 | time 256s/300s
step 4750 | loss 0.2271 | games 304000 | time 256s/300s
step 4760 | loss 0.2988 | games 304640 | time 257s/300s
step 4770 | loss 0.3368 | games 305280 | time 258s/300s
step 4780 | loss 0.1941 | games 305920 | time 258s/300s
step 4790 | loss 0.1128 | games 306560 | time 259s/300s
step 4800 | loss 0.2138 | games 307200 | time 259s/300s
step 4810 | loss 0.2985 | games 307840 | time 260s/300s
step 4820 | loss 0.3195 | games 308480 | time 260s/300s
step 4830 | loss 0.3354 | games 309120 | time 261s/300s
step 4840 | loss 0.3552 | games 309760 | time 262s/300s
step 4850 | loss 0.3145 | games 310400 | time 262s/300s
step 4860 | loss 0.3020 | games 311040 | time 263s/300s
step 4870 | loss 0.2159 | games 311680 | time 263s/300s
step 4880 | loss 0.0812 | games 312320 | time 264s/300s
step 4890 | loss 0.1435 | games 312960 | time 264s/300s
step 4900 | loss 0.1170 | games 313600 | time 265s/300s
step 4910 | loss 0.1284 | games 314240 | time 265s/300s
step 4920 | loss 0.3014 | games 314880 | time 266s/300s
step 4930 | loss 0.2737 | games 315520 | time 266s/300s
step 4940 | loss 0.2731 | games 316160 | time 267s/300s
step 4950 | loss 0.2880 | games 316800 | time 267s/300s
step 4960 | loss 0.2860 | games 317440 | time 268s/300s
step 4970 | loss 0.3189 | games 318080 | time 269s/300s
step 4980 | loss 0.3239 | games 318720 | time 269s/300s
step 4990 | loss 0.3287 | games 319360 | time 270s/300s
step 5000 | loss 0.2635 | games 320000 | time 270s/300s
step 5010 | loss 0.2117 | games 320640 | time 271s/300s
step 5020 | loss 0.2281 | games 321280 | time 271s/300s
step 5030 | loss 0.1835 | games 321920 | time 272s/300s
step 5040 | loss 0.2001 | games 322560 | time 273s/300s
step 5050 | loss 0.1494 | games 323200 | time 273s/300s
step 5060 | loss 0.1661 | games 323840 | time 274s/300s
step 5070 | loss 0.1130 | games 324480 | time 274s/300s
step 5080 | loss 0.0188 | games 325120 | time 275s/300s
step 5090 | loss 0.3006 | games 325760 | time 275s/300s
step 5100 | loss 0.3421 | games 326400 | time 275s/300s
step 5110 | loss 0.1407 | games 327040 | time 276s/300s
step 5120 | loss 0.4511 | games 327680 | time 276s/300s
step 5130 | loss 0.1959 | games 328320 | time 277s/300s
step 5140 | loss 0.2911 | games 328960 | time 277s/300s
step 5150 | loss 0.2652 | games 329600 | time 278s/300s
step 5160 | loss 0.2325 | games 330240 | time 278s/300s
step 5170 | loss 0.3762 | games 330880 | time 279s/300s
step 5180 | loss 0.3197 | games 331520 | time 279s/300s
step 5190 | loss 0.1531 | games 332160 | time 279s/300s
step 5200 | loss 0.0805 | games 332800 | time 280s/300s
step 5210 | loss 0.1392 | games 333440 | time 280s/300s
step 5220 | loss 0.2606 | games 334080 | time 281s/300s
step 5230 | loss 0.3184 | games 334720 | time 281s/300s
step 5240 | loss 0.2523 | games 335360 | time 282s/300s
step 5250 | loss 0.2715 | games 336000 | time 282s/300s
step 5260 | loss 0.2459 | games 336640 | time 283s/300s
step 5270 | loss 0.3213 | games 337280 | time 283s/300s
step 5280 | loss 0.0060 | games 337920 | time 284s/300s
step 5290 | loss 0.2617 | games 338560 | time 284s/300s
step 5300 | loss 0.3889 | games 339200 | time 285s/300s
step 5310 | loss 0.2789 | games 339840 | time 285s/300s
step 5320 | loss 0.3248 | games 340480 | time 286s/300s
step 5330 | loss 0.3056 | games 341120 | time 286s/300s
step 5340 | loss 0.3073 | games 341760 | time 287s/300s
step 5350 | loss 0.3267 | games 342400 | time 287s/300s
step 5360 | loss 0.2630 | games 343040 | time 288s/300s
step 5370 | loss 0.3055 | games 343680 | time 288s/300s
step 5380 | loss 0.3211 | games 344320 | time 289s/300s
step 5390 | loss 0.2609 | games 344960 | time 289s/300s
step 5400 | loss 0.1852 | games 345600 | time 290s/300s
step 5410 | loss 0.1136 | games 346240 | time 290s/300s
step 5420 | loss 0.2301 | games 346880 | time 291s/300s
step 5430 | loss 0.1303 | games 347520 | time 291s/300s
step 5440 | loss 0.2493 | games 348160 | time 292s/300s
step 5450 | loss 0.3175 | games 348800 | time 293s/300s
step 5460 | loss 0.3657 | games 349440 | time 293s/300s
step 5470 | loss 0.3227 | games 350080 | time 294s/300s
step 5480 | loss 0.1030 | games 350720 | time 294s/300s
step 5490 | loss 0.2436 | games 351360 | time 295s/300s
step 5500 | loss 0.1841 | games 352000 | time 295s/300s
step 5510 | loss 0.2232 | games 352640 | time 296s/300s
step 5520 | loss 0.1178 | games 353280 | time 296s/300s
step 5530 | loss 0.1649 | games 353920 | time 297s/300s
step 5540 | loss 0.2543 | games 354560 | time 297s/300s
step 5550 | loss 0.2608 | games 355200 | time 298s/300s
step 5560 | loss 0.1977 | games 355840 | time 298s/300s
step 5570 | loss 0.2103 | games 356480 | time 299s/300s
step 5580 | loss 0.2461 | games 357120 | time 299s/300s
step 5590 | loss 0.1483 | games 357760 | time 300s/300s

Training complete: 5594 steps, 358016 games, 300.0s

Evaluating against opponent suite...

Per-opponent results:
  random         : 0.980 win_rate (98W 2L 0D / 100)
  one_step       : 0.500 win_rate (50W 50L 0D / 100)
  minimax_d3     : 0.000 win_rate (0W 100L 0D / 100)
  minimax_d5     : 0.000 win_rate (0W 100L 0D / 100)

---
win_rate:          0.152308
training_seconds:  300.0
total_seconds:     337.4
eval_seconds:      36.5
peak_vram_mb:      95.3
total_games:       358016
num_steps:         5594
num_params:        764872
conv_layers:       3
conv_channels:     64
fc_hidden:         128
entropy_coef:      0.03
